Archive member included because of file (symbol)

/usr/local/Cellar/arm-none-eabi-gcc/20150306/bin/../lib/gcc/arm-none-eabi/4.9.3/../../../../arm-none-eabi/lib/armv7e-m/fpu/libc.a(lib_a-exit.o)
                              /usr/local/Cellar/arm-none-eabi-gcc/20150306/bin/../lib/gcc/arm-none-eabi/4.9.3/../../../../arm-none-eabi/lib/armv7e-m/fpu/rdimon-crt0.o (exit)
/usr/local/Cellar/arm-none-eabi-gcc/20150306/bin/../lib/gcc/arm-none-eabi/4.9.3/../../../../arm-none-eabi/lib/armv7e-m/fpu/libc.a(lib_a-impure.o)
                              /usr/local/Cellar/arm-none-eabi-gcc/20150306/bin/../lib/gcc/arm-none-eabi/4.9.3/../../../../arm-none-eabi/lib/armv7e-m/fpu/libc.a(lib_a-exit.o) (_global_impure_ptr)
/usr/local/Cellar/arm-none-eabi-gcc/20150306/bin/../lib/gcc/arm-none-eabi/4.9.3/../../../../arm-none-eabi/lib/armv7e-m/fpu/libc.a(lib_a-init.o)
                              /usr/local/Cellar/arm-none-eabi-gcc/20150306/bin/../lib/gcc/arm-none-eabi/4.9.3/../../../../arm-none-eabi/lib/armv7e-m/fpu/rdimon-crt0.o (__libc_init_array)
/usr/local/Cellar/arm-none-eabi-gcc/20150306/bin/../lib/gcc/arm-none-eabi/4.9.3/../../../../arm-none-eabi/lib/armv7e-m/fpu/libc.a(lib_a-memset.o)
                              /usr/local/Cellar/arm-none-eabi-gcc/20150306/bin/../lib/gcc/arm-none-eabi/4.9.3/../../../../arm-none-eabi/lib/armv7e-m/fpu/rdimon-crt0.o (memset)
/usr/local/Cellar/arm-none-eabi-gcc/20150306/bin/../lib/gcc/arm-none-eabi/4.9.3/../../../../arm-none-eabi/lib/armv7e-m/fpu/libc.a(lib_a-__call_atexit.o)
                              /usr/local/Cellar/arm-none-eabi-gcc/20150306/bin/../lib/gcc/arm-none-eabi/4.9.3/../../../../arm-none-eabi/lib/armv7e-m/fpu/libc.a(lib_a-exit.o) (__call_exitprocs)
/usr/local/Cellar/arm-none-eabi-gcc/20150306/bin/../lib/gcc/arm-none-eabi/4.9.3/../../../../arm-none-eabi/lib/armv7e-m/fpu/libc.a(lib_a-atexit.o)
                              /usr/local/Cellar/arm-none-eabi-gcc/20150306/bin/../lib/gcc/arm-none-eabi/4.9.3/../../../../arm-none-eabi/lib/armv7e-m/fpu/libc.a(lib_a-__call_atexit.o) (atexit)
/usr/local/Cellar/arm-none-eabi-gcc/20150306/bin/../lib/gcc/arm-none-eabi/4.9.3/../../../../arm-none-eabi/lib/armv7e-m/fpu/libc.a(lib_a-fini.o)
                              /usr/local/Cellar/arm-none-eabi-gcc/20150306/bin/../lib/gcc/arm-none-eabi/4.9.3/../../../../arm-none-eabi/lib/armv7e-m/fpu/libc.a(lib_a-__call_atexit.o) (__libc_fini_array)
/usr/local/Cellar/arm-none-eabi-gcc/20150306/bin/../lib/gcc/arm-none-eabi/4.9.3/../../../../arm-none-eabi/lib/armv7e-m/fpu/libc.a(lib_a-__atexit.o)
                              /usr/local/Cellar/arm-none-eabi-gcc/20150306/bin/../lib/gcc/arm-none-eabi/4.9.3/../../../../arm-none-eabi/lib/armv7e-m/fpu/libc.a(lib_a-atexit.o) (__register_exitproc)
/usr/local/Cellar/arm-none-eabi-gcc/20150306/bin/../lib/gcc/arm-none-eabi/4.9.3/../../../../arm-none-eabi/lib/armv7e-m/fpu/librdimon.a(rdimon-syscalls.o)
                              /usr/local/Cellar/arm-none-eabi-gcc/20150306/bin/../lib/gcc/arm-none-eabi/4.9.3/../../../../arm-none-eabi/lib/armv7e-m/fpu/rdimon-crt0.o (initialise_monitor_handles)
/usr/local/Cellar/arm-none-eabi-gcc/20150306/bin/../lib/gcc/arm-none-eabi/4.9.3/../../../../arm-none-eabi/lib/armv7e-m/fpu/librdimon.a(rdimon-_exit.o)
                              /usr/local/Cellar/arm-none-eabi-gcc/20150306/bin/../lib/gcc/arm-none-eabi/4.9.3/../../../../arm-none-eabi/lib/armv7e-m/fpu/libc.a(lib_a-exit.o) (_exit)
/usr/local/Cellar/arm-none-eabi-gcc/20150306/bin/../lib/gcc/arm-none-eabi/4.9.3/../../../../arm-none-eabi/lib/armv7e-m/fpu/librdimon.a(rdimon-_kill.o)
                              /usr/local/Cellar/arm-none-eabi-gcc/20150306/bin/../lib/gcc/arm-none-eabi/4.9.3/../../../../arm-none-eabi/lib/armv7e-m/fpu/librdimon.a(rdimon-_exit.o) (_kill)
/usr/local/Cellar/arm-none-eabi-gcc/20150306/bin/../lib/gcc/arm-none-eabi/4.9.3/../../../../arm-none-eabi/lib/armv7e-m/fpu/libg.a(lib_a-errno.o)
                              /usr/local/Cellar/arm-none-eabi-gcc/20150306/bin/../lib/gcc/arm-none-eabi/4.9.3/../../../../arm-none-eabi/lib/armv7e-m/fpu/librdimon.a(rdimon-syscalls.o) (__errno)
/usr/local/Cellar/arm-none-eabi-gcc/20150306/bin/../lib/gcc/arm-none-eabi/4.9.3/../../../../arm-none-eabi/lib/armv7e-m/fpu/libg.a(lib_a-findfp.o)
                              /usr/local/Cellar/arm-none-eabi-gcc/20150306/bin/../lib/gcc/arm-none-eabi/4.9.3/../../../../arm-none-eabi/lib/armv7e-m/fpu/librdimon.a(rdimon-syscalls.o) (__sinit)
/usr/local/Cellar/arm-none-eabi-gcc/20150306/bin/../lib/gcc/arm-none-eabi/4.9.3/../../../../arm-none-eabi/lib/armv7e-m/fpu/libg.a(lib_a-fwalk.o)
                              /usr/local/Cellar/arm-none-eabi-gcc/20150306/bin/../lib/gcc/arm-none-eabi/4.9.3/../../../../arm-none-eabi/lib/armv7e-m/fpu/libg.a(lib_a-findfp.o) (_fwalk)
/usr/local/Cellar/arm-none-eabi-gcc/20150306/bin/../lib/gcc/arm-none-eabi/4.9.3/../../../../arm-none-eabi/lib/armv7e-m/fpu/libg.a(lib_a-mallocr.o)
[...]
Memory Configuration

Name             Origin             Length             Attributes
FLASH            0x0000000008000000 0x0000000000080000 xr
RAM              0x0000000020000000 0x0000000000010000 xrw
*default*        0x0000000000000000 0xffffffffffffffff

Linker script and memory map

LOAD /usr/local/Cellar/arm-none-eabi-gcc/20150306/bin/../lib/gcc/arm-none-eabi/4.9.3/armv7e-m/fpu/crti.o
LOAD /usr/local/Cellar/arm-none-eabi-gcc/20150306/bin/../lib/gcc/arm-none-eabi/4.9.3/armv7e-m/fpu/crtbegin.o
LOAD /usr/local/Cellar/arm-none-eabi-gcc/20150306/bin/../lib/gcc/arm-none-eabi/4.9.3/../../../../arm-none-eabi/lib/armv7e-m/fpu/rdimon-crt0.o
LOAD /usr/local/Cellar/arm-none-eabi-gcc/20150306/bin/../lib/gcc/arm-none-eabi/4.9.3/../../../../arm-none-eabi/lib/armv7e-m/fpu/libc.a
LOAD /usr/local/Cellar/arm-none-eabi-gcc/20150306/bin/../lib/gcc/arm-none-eabi/4.9.3/../../../../arm-none-eabi/lib/armv7e-m/fpu/librdimon.a
LOAD src/adc.o
LOAD src/main.o
LOAD src/peak.o
LOAD src/stm32f3xx_hal_msp.o
LOAD src/stm32f3xx_it.o
LOAD src/system_stm32f3xx.o
LOAD src/uart.o
LOAD src/watchdog.o
LOAD drivers/HAL/src/stm32f3xx_hal.o
LOAD drivers/HAL/src/stm32f3xx_hal_adc.o
LOAD drivers/HAL/src/stm32f3xx_hal_adc_ex.o
LOAD drivers/HAL/src/stm32f3xx_hal_can.o
LOAD drivers/HAL/src/stm32f3xx_hal_cec.o
LOAD drivers/HAL/src/stm32f3xx_hal_comp.o
LOAD drivers/HAL/src/stm32f3xx_hal_cortex.o
LOAD drivers/HAL/src/stm32f3xx_hal_crc.o
LOAD drivers/HAL/src/stm32f3xx_hal_crc_ex.o
LOAD drivers/HAL/src/stm32f3xx_hal_dac.o
LOAD drivers/HAL/src/stm32f3xx_hal_dac_ex.o
LOAD drivers/HAL/src/stm32f3xx_hal_dma.o
LOAD drivers/HAL/src/stm32f3xx_hal_flash.o
LOAD drivers/HAL/src/stm32f3xx_hal_flash_ex.o
LOAD drivers/HAL/src/stm32f3xx_hal_gpio.o
LOAD drivers/HAL/src/stm32f3xx_hal_hrtim.o
LOAD drivers/HAL/src/stm32f3xx_hal_i2c.o
LOAD drivers/HAL/src/stm32f3xx_hal_i2c_ex.o
LOAD drivers/HAL/src/stm32f3xx_hal_i2s.o
LOAD drivers/HAL/src/stm32f3xx_hal_i2s_ex.o
LOAD drivers/HAL/src/stm32f3xx_hal_irda.o
LOAD drivers/HAL/src/stm32f3xx_hal_iwdg.o
LOAD drivers/HAL/src/stm32f3xx_hal_nand.o
LOAD drivers/HAL/src/stm32f3xx_hal_nor.o
LOAD drivers/HAL/src/stm32f3xx_hal_opamp.o
LOAD drivers/HAL/src/stm32f3xx_hal_opamp_ex.o
LOAD drivers/HAL/src/stm32f3xx_hal_pccard.o
LOAD drivers/HAL/src/stm32f3xx_hal_pcd.o
LOAD drivers/HAL/src/stm32f3xx_hal_pcd_ex.o
LOAD drivers/HAL/src/stm32f3xx_hal_ppp.o
LOAD drivers/HAL/src/stm32f3xx_hal_pwr.o
LOAD drivers/HAL/src/stm32f3xx_hal_pwr_ex.o
LOAD drivers/HAL/src/stm32f3xx_hal_rcc.o
LOAD drivers/HAL/src/stm32f3xx_hal_rcc_ex.o
LOAD drivers/HAL/src/stm32f3xx_hal_rtc.o
LOAD drivers/HAL/src/stm32f3xx_hal_rtc_ex.o
LOAD drivers/HAL/src/stm32f3xx_hal_sdadc.o
LOAD drivers/HAL/src/stm32f3xx_hal_smartcard.o
LOAD drivers/HAL/src/stm32f3xx_hal_smartcard_ex.o
LOAD drivers/HAL/src/stm32f3xx_hal_smbus.o
LOAD drivers/HAL/src/stm32f3xx_hal_spi.o
LOAD drivers/HAL/src/stm32f3xx_hal_sram.o
LOAD drivers/HAL/src/stm32f3xx_hal_tim.o
LOAD drivers/HAL/src/stm32f3xx_hal_tim_ex.o
LOAD drivers/HAL/src/stm32f3xx_hal_tsc.o
LOAD drivers/HAL/src/stm32f3xx_hal_uart.o
LOAD drivers/HAL/src/stm32f3xx_hal_uart_ex.o
LOAD drivers/HAL/src/stm32f3xx_hal_usart.o
LOAD drivers/HAL/src/stm32f3xx_hal_wwdg.o
LOAD drivers/HAL/src/stm32f3xx_ll_fmc.o
LOAD drivers/stm32f3xx_nucleo.o
LOAD /var/folders/h9/1f0s4pzj2dqcq1bw_kzwsbfw0000gn/T//cca3JWWy.o
START GROUP
LOAD /usr/local/Cellar/arm-none-eabi-gcc/20150306/bin/../lib/gcc/arm-none-eabi/4.9.3/armv7e-m/fpu/libgcc.a
LOAD /usr/local/Cellar/arm-none-eabi-gcc/20150306/bin/../lib/gcc/arm-none-eabi/4.9.3/../../../../arm-none-eabi/lib/armv7e-m/fpu/libg.a
LOAD /usr/local/Cellar/arm-none-eabi-gcc/20150306/bin/../lib/gcc/arm-none-eabi/4.9.3/../../../../arm-none-eabi/lib/armv7e-m/fpu/libc.a
END GROUP
START GROUP
LOAD /usr/local/Cellar/arm-none-eabi-gcc/20150306/bin/../lib/gcc/arm-none-eabi/4.9.3/armv7e-m/fpu/libgcc.a
LOAD /usr/local/Cellar/arm-none-eabi-gcc/20150306/bin/../lib/gcc/arm-none-eabi/4.9.3/../../../../arm-none-eabi/lib/armv7e-m/fpu/libc.a
LOAD /usr/local/Cellar/arm-none-eabi-gcc/20150306/bin/../lib/gcc/arm-none-eabi/4.9.3/../../../../arm-none-eabi/lib/armv7e-m/fpu/librdimon.a
END GROUP
LOAD /usr/local/Cellar/arm-none-eabi-gcc/20150306/bin/../lib/gcc/arm-none-eabi/4.9.3/armv7e-m/fpu/crtend.o
LOAD /usr/local/Cellar/arm-none-eabi-gcc/20150306/bin/../lib/gcc/arm-none-eabi/4.9.3/armv7e-m/fpu/crtn.o
                0x000000002000ffff                _estack = 0x2000ffff
                0x0000000000000200                _Min_Heap_Size = 0x200
                0x0000000000000400                _Min_Stack_Size = 0x400

.isr_vector     0x0000000008000000      0x194
                0x0000000008000000                . = ALIGN (0x4)
 *(.isr_vector)
 .isr_vector    0x0000000008000000      0x194 /var/folders/h9/1f0s4pzj2dqcq1bw_kzwsbfw0000gn/T//cca3JWWy.o
                0x0000000008000000                g_pfnVectors
                0x0000000008000194                . = ALIGN (0x4)

.text           0x0000000008000198     0x7f38
                0x0000000008000198                . = ALIGN (0x4)
 *(.text)
 .text          0x0000000008000198       0x5c /usr/local/Cellar/arm-none-eabi-gcc/20150306/bin/../lib/gcc/arm-none-eabi/4.9.3/armv7e-m/fpu/crtbegin.o
 .text          0x00000000080001f4      0x134 /usr/local/Cellar/arm-none-eabi-gcc/20150306/bin/../lib/gcc/arm-none-eabi/4.9.3/../../../../arm-none-eabi/lib/armv7e-m/fpu/libg.a(lib_a-memcpy.o)
                0x00000000080001f4                memcpy
 .text          0x0000000008000328      0x370 /usr/local/Cellar/arm-none-eabi-gcc/20150306/bin/../lib/gcc/arm-none-eabi/4.9.3/armv7e-m/fpu/libgcc.a(_arm_addsubdf3.o)
                0x0000000008000328                __aeabi_drsub
                0x0000000008000330                __subdf3
                0x0000000008000330                __aeabi_dsub
                0x0000000008000334                __aeabi_dadd
                0x0000000008000334                __adddf3
                0x00000000080005ac                __aeabi_ui2d
                0x00000000080005ac                __floatunsidf
                0x00000000080005cc                __floatsidf
                0x00000000080005cc                __aeabi_i2d
                0x00000000080005f0                __extendsfdf2
                0x00000000080005f0                __aeabi_f2d
                0x000000000800062c                __aeabi_ul2d
                0x000000000800062c                __floatundidf
                0x000000000800063c                __aeabi_l2d
                0x000000000800063c                __floatdidf
 .text          0x0000000008000698      0x424 /usr/local/Cellar/arm-none-eabi-gcc/20150306/bin/../lib/gcc/arm-none-eabi/4.9.3/armv7e-m/fpu/libgcc.a(_arm_muldivdf3.o)
                0x0000000008000698                __aeabi_dmul
                0x0000000008000698                __muldf3
                0x00000000080008ec                __aeabi_ddiv
                0x00000000080008ec                __divdf3
 .text          0x0000000008000abc      0x110 /usr/local/Cellar/arm-none-eabi-gcc/20150306/bin/../lib/gcc/arm-none-eabi/4.9.3/armv7e-m/fpu/libgcc.a(_arm_cmpdf2.o)
                0x0000000008000abc                __gtdf2
                0x0000000008000abc                __gedf2
                0x0000000008000ac4                __ltdf2
                0x0000000008000ac4                __ledf2
                0x0000000008000acc                __eqdf2
                0x0000000008000acc                __nedf2
                0x0000000008000acc                __cmpdf2
                0x0000000008000b48                __aeabi_cdrcmple
                0x0000000008000b58                __aeabi_cdcmple
                0x0000000008000b58                __aeabi_cdcmpeq
                0x0000000008000b68                __aeabi_dcmpeq
                0x0000000008000b7c                __aeabi_dcmplt
                0x0000000008000b90                __aeabi_dcmple
                0x0000000008000ba4                __aeabi_dcmpge
                0x0000000008000bb8                __aeabi_dcmpgt
 .text          0x0000000008000bcc       0x50 /usr/local/Cellar/arm-none-eabi-gcc/20150306/bin/../lib/gcc/arm-none-eabi/4.9.3/armv7e-m/fpu/libgcc.a(_arm_fixdfsi.o)
                0x0000000008000bcc                __fixdfsi
                0x0000000008000bcc                __aeabi_d2iz
 .text          0x0000000008000c1c       0x30 /usr/local/Cellar/arm-none-eabi-gcc/20150306/bin/../lib/gcc/arm-none-eabi/4.9.3/armv7e-m/fpu/libgcc.a(_aeabi_uldivmod.o)
                0x0000000008000c1c                __aeabi_uldivmod
 .text          0x0000000008000c4c       0x60 /usr/local/Cellar/arm-none-eabi-gcc/20150306/bin/../lib/gcc/arm-none-eabi/4.9.3/armv7e-m/fpu/libgcc.a(bpabi.o)
                0x0000000008000c4c                __gnu_ldivmod_helper
                0x0000000008000c7c                __gnu_uldivmod_helper
 .text          0x0000000008000cac        0x4 /usr/local/Cellar/arm-none-eabi-gcc/20150306/bin/../lib/gcc/arm-none-eabi/4.9.3/armv7e-m/fpu/libgcc.a(_dvmd_tls.o)
                0x0000000008000cac                __aeabi_ldiv0
                0x0000000008000cac                __aeabi_idiv0
 .text          0x0000000008000cb0      0x29c /usr/local/Cellar/arm-none-eabi-gcc/20150306/bin/../lib/gcc/arm-none-eabi/4.9.3/armv7e-m/fpu/libgcc.a(_divdi3.o)
                0x0000000008000cb0                __divdi3
 .text          0x0000000008000f4c      0x26c /usr/local/Cellar/arm-none-eabi-gcc/20150306/bin/../lib/gcc/arm-none-eabi/4.9.3/armv7e-m/fpu/libgcc.a(_udivdi3.o)
                0x0000000008000f4c                __udivdi3
 *(.text*)
 .text.__libc_init_array
                0x00000000080011b8       0x50 /usr/local/Cellar/arm-none-eabi-gcc/20150306/bin/../lib/gcc/arm-none-eabi/4.9.3/../../../../arm-none-eabi/lib/armv7e-m/fpu/libc.a(lib_a-init.o)
                0x00000000080011b8                __libc_init_array
 .text.memset   0x0000000008001208       0x9c /usr/local/Cellar/arm-none-eabi-gcc/20150306/bin/../lib/gcc/arm-none-eabi/4.9.3/../../../../arm-none-eabi/lib/armv7e-m/fpu/libc.a(lib_a-memset.o)
                0x0000000008001208                memset
 .text.startup.register_fini
                0x00000000080012a4       0x14 /usr/local/Cellar/arm-none-eabi-gcc/20150306/bin/../lib/gcc/arm-none-eabi/4.9.3/../../../../arm-none-eabi/lib/armv7e-m/fpu/libc.a(lib_a-__call_atexit.o)
 .text.atexit   0x00000000080012b8        0xc /usr/local/Cellar/arm-none-eabi-gcc/20150306/bin/../lib/gcc/arm-none-eabi/4.9.3/../../../../arm-none-eabi/lib/armv7e-m/fpu/libc.a(lib_a-atexit.o)
                0x00000000080012b8                atexit
 .text.__libc_fini_array
                0x00000000080012c4       0x2c /usr/local/Cellar/arm-none-eabi-gcc/20150306/bin/../lib/gcc/arm-none-eabi/4.9.3/../../../../arm-none-eabi/lib/armv7e-m/fpu/libc.a(lib_a-fini.o)
                0x00000000080012c4                __libc_fini_array
 .text.__register_exitproc
                0x00000000080012f0       0xa4 /usr/local/Cellar/arm-none-eabi-gcc/20150306/bin/../lib/gcc/arm-none-eabi/4.9.3/../../../../arm-none-eabi/lib/armv7e-m/fpu/libc.a(lib_a-__atexit.o)
                0x00000000080012f0                __register_exitproc
 .text._sbrk    0x0000000008001394       0x34 /usr/local/Cellar/arm-none-eabi-gcc/20150306/bin/../lib/gcc/arm-none-eabi/4.9.3/../../../../arm-none-eabi/lib/armv7e-m/fpu/librdimon.a(rdimon-syscalls.o)
                0x0000000008001394                _sbrk
 .text.ADC_Config
                0x00000000080013c8       0x40 src/adc.o
                0x00000000080013c8                ADC_Config
 .text.Get_ADC_Instance
                0x0000000008001408       0x44 src/adc.o
                0x0000000008001408                Get_ADC_Instance
 .text.Add_ADC_Channel
                0x000000000800144c       0x40 src/adc.o
                0x000000000800144c                Add_ADC_Channel
 .text.Calibrate_ADC
                0x000000000800148c       0x30 src/adc.o
                0x000000000800148c                Calibrate_ADC
 .text.Start_ADC
                0x00000000080014bc       0x3c src/adc.o
                0x00000000080014bc                Start_ADC
 .text.Stop_ADC
                0x00000000080014f8       0x38 src/adc.o
                0x00000000080014f8                Stop_ADC
 .text.HAL_ADC_ConvCpltCallback
                0x0000000008001530      0x144 src/adc.o
                0x0000000008001530                HAL_ADC_ConvCpltCallback
 .text.HAL_ADC_ConvHalfCpltCallback
                0x0000000008001674      0x19c src/adc.o
                0x0000000008001674                HAL_ADC_ConvHalfCpltCallback
 .text.Get_Human_Readable_State
                0x0000000008001810       0xd0 src/adc.o
                0x0000000008001810                Get_Human_Readable_State
 .text.Get_Human_Readable_Error
                0x00000000080018e0       0x60 src/adc.o
                0x00000000080018e0                Get_Human_Readable_Error
 .text.HAL_ADC_ErrorCallback
                0x0000000008001940       0x2c src/adc.o
                0x0000000008001940                HAL_ADC_ErrorCallback
 .text.SystemClock_Config
                0x000000000800196c       0x84 src/main.o
                0x000000000800196c                SystemClock_Config
 .text.startup.main
                0x00000000080019f0      0x158 src/main.o
                0x00000000080019f0                main
 .text.Error_Handler
                0x0000000008001b48       0x1c src/main.o
                0x0000000008001b48                Error_Handler
 .text.has_ping
                0x0000000008001b64       0x3c src/peak.o
                0x0000000008001b64                has_ping
 .text.HAL_ADC_MspInit
                0x0000000008001ba0      0x250 src/stm32f3xx_hal_msp.o
                0x0000000008001ba0                HAL_ADC_MspInit
 .text.HAL_UART_MspInit
                0x0000000008001df0       0x90 src/stm32f3xx_hal_msp.o
                0x0000000008001df0                HAL_UART_MspInit
 .text.NMI_Handler
                0x0000000008001e80        0x4 src/stm32f3xx_it.o
                0x0000000008001e80                NMI_Handler
 .text.HardFault_Handler
                0x0000000008001e84        0x4 src/stm32f3xx_it.o
                0x0000000008001e84                HardFault_Handler
 .text.MemManage_Handler
                0x0000000008001e88        0x4 src/stm32f3xx_it.o
                0x0000000008001e88                MemManage_Handler
 .text.BusFault_Handler
                0x0000000008001e8c        0x4 src/stm32f3xx_it.o
                0x0000000008001e8c                BusFault_Handler
 .text.UsageFault_Handler
                0x0000000008001e90        0x4 src/stm32f3xx_it.o
                0x0000000008001e90                UsageFault_Handler
 .text.SVC_Handler
                0x0000000008001e94        0x4 src/stm32f3xx_it.o
                0x0000000008001e94                SVC_Handler
 .text.DebugMon_Handler
                0x0000000008001e98        0x4 src/stm32f3xx_it.o
                0x0000000008001e98                DebugMon_Handler
 .text.PendSV_Handler
                0x0000000008001e9c        0x4 src/stm32f3xx_it.o
                0x0000000008001e9c                PendSV_Handler
 .text.SysTick_Handler
                0x0000000008001ea0        0x4 src/stm32f3xx_it.o
                0x0000000008001ea0                SysTick_Handler
 .text.DMA1_Channel1_IRQHandler
                0x0000000008001ea4        0xc src/stm32f3xx_it.o
                0x0000000008001ea4                DMA1_Channel1_IRQHandler
 .text.DMA2_Channel1_IRQHandler
                0x0000000008001eb0        0xc src/stm32f3xx_it.o
                0x0000000008001eb0                DMA2_Channel1_IRQHandler
 .text.DMA2_Channel2_IRQHandler
                0x0000000008001ebc        0xc src/stm32f3xx_it.o
                0x0000000008001ebc                DMA2_Channel2_IRQHandler
 .text.DMA2_Channel5_IRQHandler
                0x0000000008001ec8        0xc src/stm32f3xx_it.o
                0x0000000008001ec8                DMA2_Channel5_IRQHandler
 .text.EXTI15_10_IRQHandler
                0x0000000008001ed4        0x4 src/stm32f3xx_it.o
                0x0000000008001ed4                EXTI15_10_IRQHandler
 .text.SystemInit
                0x0000000008001ed8       0x70 src/system_stm32f3xx.o
                0x0000000008001ed8                SystemInit
 .text.UART_Init
                0x0000000008001f48       0x34 src/uart.o
                0x0000000008001f48                UART_Init
 .text.write_buffer
                0x0000000008001f7c       0x14 src/uart.o
                0x0000000008001f7c                write_buffer
 .text.log_debug
                0x0000000008001f90       0x30 src/uart.o
                0x0000000008001f90                log_debug
 .text.log_fatal
                0x0000000008001fc0       0x30 src/uart.o
                0x0000000008001fc0                log_fatal
 .text.HAL_MspInit
                0x0000000008001ff0        0x4 drivers/HAL/src/stm32f3xx_hal.o
                0x0000000008001ff0                HAL_MspInit
 .text.HAL_InitTick
                0x0000000008001ff4       0x28 drivers/HAL/src/stm32f3xx_hal.o
                0x0000000008001ff4                HAL_InitTick
 .text.HAL_Init
                0x000000000800201c       0x24 drivers/HAL/src/stm32f3xx_hal.o
                0x000000000800201c                HAL_Init
 .text.HAL_IncTick
                0x0000000008002040       0x10 drivers/HAL/src/stm32f3xx_hal.o
                0x0000000008002040                HAL_IncTick
 .text.HAL_GetTick
                0x0000000008002050        0xc drivers/HAL/src/stm32f3xx_hal.o
                0x0000000008002050                HAL_GetTick
 .text.HAL_Delay
                0x000000000800205c       0x1c drivers/HAL/src/stm32f3xx_hal.o
                0x000000000800205c                HAL_Delay
 .text.HAL_ADC_GetState
                0x0000000008002078        0x8 drivers/HAL/src/stm32f3xx_hal_adc.o
                0x0000000008002078                HAL_ADC_GetState
 .text.HAL_ADC_GetError
                0x0000000008002080        0x4 drivers/HAL/src/stm32f3xx_hal_adc.o
                0x0000000008002080                HAL_ADC_GetError
 .text.ADC_ConversionStop
                0x0000000008002084       0xcc drivers/HAL/src/stm32f3xx_hal_adc_ex.o
 .text.ADC_DMAError
                0x0000000008002150       0x14 drivers/HAL/src/stm32f3xx_hal_adc_ex.o
 .text.ADC_DMAHalfConvCplt
                0x0000000008002164        0x8 drivers/HAL/src/stm32f3xx_hal_adc_ex.o
 .text.ADC_DMAConvCplt
                0x000000000800216c       0x28 drivers/HAL/src/stm32f3xx_hal_adc_ex.o
 .text.ADC_Disable
                0x0000000008002194       0x70 drivers/HAL/src/stm32f3xx_hal_adc_ex.o
 .text.ADC_Enable
                0x0000000008002204       0x70 drivers/HAL/src/stm32f3xx_hal_adc_ex.o
 .text.HAL_ADC_Init
                0x0000000008002274      0x244 drivers/HAL/src/stm32f3xx_hal_adc_ex.o
                0x0000000008002274                HAL_ADC_Init
 .text.HAL_ADC_Start_DMA
                0x00000000080024b8       0xec drivers/HAL/src/stm32f3xx_hal_adc_ex.o
                0x00000000080024b8                HAL_ADC_Start_DMA
 .text.HAL_ADC_Stop_DMA
                0x00000000080025a4       0x74 drivers/HAL/src/stm32f3xx_hal_adc_ex.o
                0x00000000080025a4                HAL_ADC_Stop_DMA
 .text.HAL_ADCEx_Calibration_Start
                0x0000000008002618       0x7c drivers/HAL/src/stm32f3xx_hal_adc_ex.o
                0x0000000008002618                HAL_ADCEx_Calibration_Start
 .text.HAL_ADC_ConfigChannel
                0x0000000008002694      0x378 drivers/HAL/src/stm32f3xx_hal_adc_ex.o
                0x0000000008002694                HAL_ADC_ConfigChannel
 .text.HAL_NVIC_SetPriorityGrouping
                0x0000000008002a0c       0x24 drivers/HAL/src/stm32f3xx_hal_cortex.o
                0x0000000008002a0c                HAL_NVIC_SetPriorityGrouping
 .text.HAL_NVIC_SetPriority
                0x0000000008002a30       0x6c drivers/HAL/src/stm32f3xx_hal_cortex.o
                0x0000000008002a30                HAL_NVIC_SetPriority
 .text.HAL_NVIC_EnableIRQ
                0x0000000008002a9c       0x18 drivers/HAL/src/stm32f3xx_hal_cortex.o
                0x0000000008002a9c                HAL_NVIC_EnableIRQ
 .text.HAL_SYSTICK_Config
                0x0000000008002ab4       0x34 drivers/HAL/src/stm32f3xx_hal_cortex.o
                0x0000000008002ab4                HAL_SYSTICK_Config
 .text.HAL_SYSTICK_CLKSourceConfig
                0x0000000008002ae8       0x18 drivers/HAL/src/stm32f3xx_hal_cortex.o
                0x0000000008002ae8                HAL_SYSTICK_CLKSourceConfig
 .text.HAL_DMA_Init
                0x0000000008002b00       0x50 drivers/HAL/src/stm32f3xx_hal_dma.o
                0x0000000008002b00                HAL_DMA_Init
 .text.HAL_DMA_DeInit
                0x0000000008002b50      0x174 drivers/HAL/src/stm32f3xx_hal_dma.o
                0x0000000008002b50                HAL_DMA_DeInit
 .text.HAL_DMA_Start_IT
                0x0000000008002cc4       0x5c drivers/HAL/src/stm32f3xx_hal_dma.o
                0x0000000008002cc4                HAL_DMA_Start_IT
 .text.HAL_DMA_Abort
                0x0000000008002d20       0x50 drivers/HAL/src/stm32f3xx_hal_dma.o
                0x0000000008002d20                HAL_DMA_Abort
 .text.HAL_DMA_IRQHandler
                0x0000000008002d70      0x4e0 drivers/HAL/src/stm32f3xx_hal_dma.o
                0x0000000008002d70                HAL_DMA_IRQHandler
 .text.HAL_GPIO_Init
                0x0000000008003250      0x1c4 drivers/HAL/src/stm32f3xx_hal_gpio.o
                0x0000000008003250                HAL_GPIO_Init
 .text.HAL_GPIO_WritePin
                0x0000000008003414        0xc drivers/HAL/src/stm32f3xx_hal_gpio.o
                0x0000000008003414                HAL_GPIO_WritePin
 .text.HAL_GPIO_TogglePin
                0x0000000008003420        0x8 drivers/HAL/src/stm32f3xx_hal_gpio.o
                0x0000000008003420                HAL_GPIO_TogglePin
 .text.HAL_RCC_ClockConfig
                0x0000000008003428      0x2e0 drivers/HAL/src/stm32f3xx_hal_rcc.o
                0x0000000008003428                HAL_RCC_ClockConfig
 .text.HAL_RCC_MCOConfig
                0x0000000008003708       0x4c drivers/HAL/src/stm32f3xx_hal_rcc.o
                0x0000000008003708                HAL_RCC_MCOConfig
 .text.HAL_RCC_GetHCLKFreq
                0x0000000008003754       0x38 drivers/HAL/src/stm32f3xx_hal_rcc.o
                0x0000000008003754                HAL_RCC_GetHCLKFreq
 .text.HAL_RCC_GetPCLK1Freq
                0x000000000800378c       0x30 drivers/HAL/src/stm32f3xx_hal_rcc.o
                0x000000000800378c                HAL_RCC_GetPCLK1Freq
 .text.HAL_RCC_GetPCLK2Freq
                0x00000000080037bc       0x30 drivers/HAL/src/stm32f3xx_hal_rcc.o
                0x00000000080037bc                HAL_RCC_GetPCLK2Freq
 .text.HAL_RCCEx_PeriphCLKConfig
                0x00000000080037ec      0x24c drivers/HAL/src/stm32f3xx_hal_rcc_ex.o
                0x00000000080037ec                HAL_RCCEx_PeriphCLKConfig
 .text.HAL_RCC_OscConfig
                0x0000000008003a38      0x670 drivers/HAL/src/stm32f3xx_hal_rcc_ex.o
                0x0000000008003a38                HAL_RCC_OscConfig
 .text.HAL_RCC_GetSysClockFreq
                0x00000000080040a8       0x64 drivers/HAL/src/stm32f3xx_hal_rcc_ex.o
                0x00000000080040a8                HAL_RCC_GetSysClockFreq
 .text.UART_WaitOnFlagUntilTimeout
                0x000000000800410c       0x90 drivers/HAL/src/stm32f3xx_hal_uart.o
                0x000000000800410c                UART_WaitOnFlagUntilTimeout
 .text.HAL_UART_Transmit
                0x000000000800419c       0xb0 drivers/HAL/src/stm32f3xx_hal_uart.o
                0x000000000800419c                HAL_UART_Transmit
 .text.UART_SetConfig
                0x000000000800424c      0x268 drivers/HAL/src/stm32f3xx_hal_uart.o
                0x000000000800424c                UART_SetConfig
 .text.UART_AdvFeatureConfig
                0x00000000080044b4       0xb0 drivers/HAL/src/stm32f3xx_hal_uart.o
                0x00000000080044b4                UART_AdvFeatureConfig
 .text.UART_CheckIdleState
                0x0000000008004564       0x54 drivers/HAL/src/stm32f3xx_hal_uart.o
                0x0000000008004564                UART_CheckIdleState
 .text.HAL_UART_Init
                0x00000000080045b8       0x64 drivers/HAL/src/stm32f3xx_hal_uart.o
                0x00000000080045b8                HAL_UART_Init
 .text.BSP_LED_Init
                0x000000000800461c       0x44 drivers/stm32f3xx_nucleo.o
                0x000000000800461c                BSP_LED_Init
 .text.BSP_LED_Toggle
                0x0000000008004660       0x10 drivers/stm32f3xx_nucleo.o
                0x0000000008004660                BSP_LED_Toggle
 .text.Reset_Handler
                0x0000000008004670       0x50 /var/folders/h9/1f0s4pzj2dqcq1bw_kzwsbfw0000gn/T//cca3JWWy.o
                0x0000000008004670                Reset_Handler
 .text.Default_Handler
                0x00000000080046c0        0x2 /var/folders/h9/1f0s4pzj2dqcq1bw_kzwsbfw0000gn/T//cca3JWWy.o
                0x00000000080046c0                TIM1_BRK_TIM15_IRQHandler
                0x00000000080046c0                TIM8_TRG_COM_IRQHandler
                0x00000000080046c0                TIM8_CC_IRQHandler
                0x00000000080046c0                SPI4_IRQHandler
                0x00000000080046c0                TIM1_CC_IRQHandler
                0x00000000080046c0                USB_HP_IRQHandler
                0x00000000080046c0                PVD_IRQHandler
                0x00000000080046c0                TAMP_STAMP_IRQHandler
                0x00000000080046c0                EXTI3_IRQHandler
                0x00000000080046c0                I2C3_ER_IRQHandler
                0x00000000080046c0                USB_HP_CAN_TX_IRQHandler
                0x00000000080046c0                EXTI0_IRQHandler
                0x00000000080046c0                I2C2_EV_IRQHandler
                0x00000000080046c0                FPU_IRQHandler
                0x00000000080046c0                TIM1_UP_TIM16_IRQHandler
                0x00000000080046c0                ADC1_2_IRQHandler
                0x00000000080046c0                SPI1_IRQHandler
                0x00000000080046c0                CAN_SCE_IRQHandler
                0x00000000080046c0                TIM6_DAC_IRQHandler
                0x00000000080046c0                TIM8_UP_IRQHandler
                0x00000000080046c0                DMA1_Channel4_IRQHandler
                0x00000000080046c0                TIM20_TRG_COM_IRQHandler
                0x00000000080046c0                USART3_IRQHandler
                0x00000000080046c0                DMA1_Channel7_IRQHandler
                0x00000000080046c0                UART5_IRQHandler
                0x00000000080046c0                ADC3_IRQHandler
                0x00000000080046c0                TIM4_IRQHandler
                0x00000000080046c0                CAN_RX1_IRQHandler
                0x00000000080046c0                I2C1_EV_IRQHandler
                0x00000000080046c0                DMA1_Channel6_IRQHandler
                0x00000000080046c0                UART4_IRQHandler
                0x00000000080046c0                DMA2_Channel4_IRQHandler
                0x00000000080046c0                TIM3_IRQHandler
                0x00000000080046c0                RCC_IRQHandler
                0x00000000080046c0                TIM20_UP_IRQHandler
                0x00000000080046c0                Default_Handler
                0x00000000080046c0                USBWakeUp_RMP_IRQHandler
                0x00000000080046c0                TIM7_IRQHandler
                0x00000000080046c0                I2C3_EV_IRQHandler
                0x00000000080046c0                EXTI9_5_IRQHandler
                0x00000000080046c0                RTC_WKUP_IRQHandler
                0x00000000080046c0                SPI2_IRQHandler
                0x00000000080046c0                USB_LP_CAN_RX0_IRQHandler
                0x00000000080046c0                DMA1_Channel5_IRQHandler
                0x00000000080046c0                USB_LP_IRQHandler
                0x00000000080046c0                EXTI4_IRQHandler
                0x00000000080046c0                TIM1_TRG_COM_TIM17_IRQHandler
                0x00000000080046c0                DMA1_Channel3_IRQHandler
                0x00000000080046c0                ADC4_IRQHandler
                0x00000000080046c0                WWDG_IRQHandler
                0x00000000080046c0                TIM2_IRQHandler
                0x00000000080046c0                COMP7_IRQHandler
                0x00000000080046c0                COMP1_2_3_IRQHandler
                0x00000000080046c0                EXTI1_IRQHandler
                0x00000000080046c0                USART2_IRQHandler
                0x00000000080046c0                COMP4_5_6_IRQHandler
                0x00000000080046c0                TIM20_BRK_IRQHandler
                0x00000000080046c0                I2C2_ER_IRQHandler
                0x00000000080046c0                DMA1_Channel2_IRQHandler
                0x00000000080046c0                TIM8_BRK_IRQHandler
                0x00000000080046c0                FLASH_IRQHandler
                0x00000000080046c0                TIM20_CC_IRQHandler
                0x00000000080046c0                USART1_IRQHandler
                0x00000000080046c0                SPI3_IRQHandler
                0x00000000080046c0                I2C1_ER_IRQHandler
                0x00000000080046c0                FMC_IRQHandler
                0x00000000080046c0                USBWakeUp_IRQHandler
                0x00000000080046c0                DMA2_Channel3_IRQHandler
                0x00000000080046c0                EXTI2_TSC_IRQHandler
                0x00000000080046c0                RTC_Alarm_IRQHandler
 *fill*         0x00000000080046c2        0x2 
 .text.__errno  0x00000000080046c4        0xc /usr/local/Cellar/arm-none-eabi-gcc/20150306/bin/../lib/gcc/arm-none-eabi/4.9.3/../../../../arm-none-eabi/lib/armv7e-m/fpu/libg.a(lib_a-errno.o)
                0x00000000080046c4                __errno
 .text._malloc_r
                0x00000000080046d0      0x524 /usr/local/Cellar/arm-none-eabi-gcc/20150306/bin/../lib/gcc/arm-none-eabi/4.9.3/../../../../arm-none-eabi/lib/armv7e-m/fpu/libg.a(lib_a-mallocr.o)
                0x00000000080046d0                _malloc_r
 .text.__malloc_lock
                0x0000000008004bf4        0x4 /usr/local/Cellar/arm-none-eabi-gcc/20150306/bin/../lib/gcc/arm-none-eabi/4.9.3/../../../../arm-none-eabi/lib/armv7e-m/fpu/libg.a(lib_a-mlock.o)
                0x0000000008004bf4                __malloc_lock
 .text.__malloc_unlock
                0x0000000008004bf8        0x4 /usr/local/Cellar/arm-none-eabi-gcc/20150306/bin/../lib/gcc/arm-none-eabi/4.9.3/../../../../arm-none-eabi/lib/armv7e-m/fpu/libg.a(lib_a-mlock.o)
                0x0000000008004bf8                __malloc_unlock
 .text._sbrk_r  0x0000000008004bfc       0x24 /usr/local/Cellar/arm-none-eabi-gcc/20150306/bin/../lib/gcc/arm-none-eabi/4.9.3/../../../../arm-none-eabi/lib/armv7e-m/fpu/libg.a(lib_a-sbrkr.o)
                0x0000000008004bfc                _sbrk_r
 .text.sprintf  0x0000000008004c20       0x4c /usr/local/Cellar/arm-none-eabi-gcc/20150306/bin/../lib/gcc/arm-none-eabi/4.9.3/../../../../arm-none-eabi/lib/armv7e-m/fpu/libg.a(lib_a-sprintf.o)
                0x0000000008004c20                sprintf
 .text.strlen   0x0000000008004c6c       0x5c /usr/local/Cellar/arm-none-eabi-gcc/20150306/bin/../lib/gcc/arm-none-eabi/4.9.3/../../../../arm-none-eabi/lib/armv7e-m/fpu/libg.a(lib_a-strlen.o)
                0x0000000008004c6c                strlen
 .text._svfprintf_r
                0x0000000008004cc8     0x14d0 /usr/local/Cellar/arm-none-eabi-gcc/20150306/bin/../lib/gcc/arm-none-eabi/4.9.3/../../../../arm-none-eabi/lib/armv7e-m/fpu/libg.a(lib_a-svfprintf.o)
                0x0000000008004cc8                _svfprintf_r
 .text.quorem   0x0000000008006198      0x12c /usr/local/Cellar/arm-none-eabi-gcc/20150306/bin/../lib/gcc/arm-none-eabi/4.9.3/../../../../arm-none-eabi/lib/armv7e-m/fpu/libg.a(lib_a-dtoa.o)
 *fill*         0x00000000080062c4        0x4 
 .text._dtoa_r  0x00000000080062c8      0xea8 /usr/local/Cellar/arm-none-eabi-gcc/20150306/bin/../lib/gcc/arm-none-eabi/4.9.3/../../../../arm-none-eabi/lib/armv7e-m/fpu/libg.a(lib_a-dtoa.o)
                0x00000000080062c8                _dtoa_r
 .text._malloc_trim_r
                0x0000000008007170       0x9c /usr/local/Cellar/arm-none-eabi-gcc/20150306/bin/../lib/gcc/arm-none-eabi/4.9.3/../../../../arm-none-eabi/lib/armv7e-m/fpu/libg.a(lib_a-freer.o)
                0x0000000008007170                _malloc_trim_r
 .text._free_r  0x000000000800720c      0x1b0 /usr/local/Cellar/arm-none-eabi-gcc/20150306/bin/../lib/gcc/arm-none-eabi/4.9.3/../../../../arm-none-eabi/lib/armv7e-m/fpu/libg.a(lib_a-freer.o)
                0x000000000800720c                _free_r
 .text._localeconv_r
                0x00000000080073bc        0x8 /usr/local/Cellar/arm-none-eabi-gcc/20150306/bin/../lib/gcc/arm-none-eabi/4.9.3/../../../../arm-none-eabi/lib/armv7e-m/fpu/libg.a(lib_a-locale.o)
                0x00000000080073bc                _localeconv_r
 .text.memchr   0x00000000080073c4       0x94 /usr/local/Cellar/arm-none-eabi-gcc/20150306/bin/../lib/gcc/arm-none-eabi/4.9.3/../../../../arm-none-eabi/lib/armv7e-m/fpu/libg.a(lib_a-memchr.o)
                0x00000000080073c4                memchr
 .text._Balloc  0x0000000008007458       0x4c /usr/local/Cellar/arm-none-eabi-gcc/20150306/bin/../lib/gcc/arm-none-eabi/4.9.3/../../../../arm-none-eabi/lib/armv7e-m/fpu/libg.a(lib_a-mprec.o)
                0x0000000008007458                _Balloc
 .text._Bfree   0x00000000080074a4       0x14 /usr/local/Cellar/arm-none-eabi-gcc/20150306/bin/../lib/gcc/arm-none-eabi/4.9.3/../../../../arm-none-eabi/lib/armv7e-m/fpu/libg.a(lib_a-mprec.o)
                0x00000000080074a4                _Bfree
 .text.__multadd
                0x00000000080074b8       0x84 /usr/local/Cellar/arm-none-eabi-gcc/20150306/bin/../lib/gcc/arm-none-eabi/4.9.3/../../../../arm-none-eabi/lib/armv7e-m/fpu/libg.a(lib_a-mprec.o)
                0x00000000080074b8                __multadd
 .text.__hi0bits
                0x000000000800753c       0x40 /usr/local/Cellar/arm-none-eabi-gcc/20150306/bin/../lib/gcc/arm-none-eabi/4.9.3/../../../../arm-none-eabi/lib/armv7e-m/fpu/libg.a(lib_a-mprec.o)
                0x000000000800753c                __hi0bits
 .text.__lo0bits
                0x000000000800757c       0x5c /usr/local/Cellar/arm-none-eabi-gcc/20150306/bin/../lib/gcc/arm-none-eabi/4.9.3/../../../../arm-none-eabi/lib/armv7e-m/fpu/libg.a(lib_a-mprec.o)
                0x000000000800757c                __lo0bits
 .text.__i2b    0x00000000080075d8       0x14 /usr/local/Cellar/arm-none-eabi-gcc/20150306/bin/../lib/gcc/arm-none-eabi/4.9.3/../../../../arm-none-eabi/lib/armv7e-m/fpu/libg.a(lib_a-mprec.o)
                0x00000000080075d8                __i2b
 .text.__multiply
                0x00000000080075ec      0x134 /usr/local/Cellar/arm-none-eabi-gcc/20150306/bin/../lib/gcc/arm-none-eabi/4.9.3/../../../../arm-none-eabi/lib/armv7e-m/fpu/libg.a(lib_a-mprec.o)
                0x00000000080075ec                __multiply
 .text.__pow5mult
                0x0000000008007720       0xa0 /usr/local/Cellar/arm-none-eabi-gcc/20150306/bin/../lib/gcc/arm-none-eabi/4.9.3/../../../../arm-none-eabi/lib/armv7e-m/fpu/libg.a(lib_a-mprec.o)
                0x0000000008007720                __pow5mult
 .text.__lshift
                0x00000000080077c0       0xac /usr/local/Cellar/arm-none-eabi-gcc/20150306/bin/../lib/gcc/arm-none-eabi/4.9.3/../../../../arm-none-eabi/lib/armv7e-m/fpu/libg.a(lib_a-mprec.o)
                0x00000000080077c0                __lshift
 .text.__mcmp   0x000000000800786c       0x48 /usr/local/Cellar/arm-none-eabi-gcc/20150306/bin/../lib/gcc/arm-none-eabi/4.9.3/../../../../arm-none-eabi/lib/armv7e-m/fpu/libg.a(lib_a-mprec.o)
                0x000000000800786c                __mcmp
 .text.__mdiff  0x00000000080078b4       0xd4 /usr/local/Cellar/arm-none-eabi-gcc/20150306/bin/../lib/gcc/arm-none-eabi/4.9.3/../../../../arm-none-eabi/lib/armv7e-m/fpu/libg.a(lib_a-mprec.o)
                0x00000000080078b4                __mdiff
 .text.__d2b    0x0000000008007988       0xbc /usr/local/Cellar/arm-none-eabi-gcc/20150306/bin/../lib/gcc/arm-none-eabi/4.9.3/../../../../arm-none-eabi/lib/armv7e-m/fpu/libg.a(lib_a-mprec.o)
                0x0000000008007988                __d2b
 .text.__fpclassifyd
                0x0000000008007a44       0x5c /usr/local/Cellar/arm-none-eabi-gcc/20150306/bin/../lib/gcc/arm-none-eabi/4.9.3/../../../../arm-none-eabi/lib/armv7e-m/fpu/libg.a(lib_a-s_fpclassify.o)
                0x0000000008007a44                __fpclassifyd
 .text.__ssprint_r
                0x0000000008007aa0      0x104 /usr/local/Cellar/arm-none-eabi-gcc/20150306/bin/../lib/gcc/arm-none-eabi/4.9.3/../../../../arm-none-eabi/lib/armv7e-m/fpu/libg.a(lib_a-svfiprintf.o)
                0x0000000008007aa0                __ssprint_r
 .text._calloc_r
                0x0000000008007ba4       0x60 /usr/local/Cellar/arm-none-eabi-gcc/20150306/bin/../lib/gcc/arm-none-eabi/4.9.3/../../../../arm-none-eabi/lib/armv7e-m/fpu/libg.a(lib_a-callocr.o)
                0x0000000008007ba4                _calloc_r
 .text.memmove  0x0000000008007c04       0xc8 /usr/local/Cellar/arm-none-eabi-gcc/20150306/bin/../lib/gcc/arm-none-eabi/4.9.3/../../../../arm-none-eabi/lib/armv7e-m/fpu/libg.a(lib_a-memmove.o)
                0x0000000008007c04                memmove
 .text._realloc_r
                0x0000000008007ccc      0x3ec /usr/local/Cellar/arm-none-eabi-gcc/20150306/bin/../lib/gcc/arm-none-eabi/4.9.3/../../../../arm-none-eabi/lib/armv7e-m/fpu/libg.a(lib_a-reallocr.o)
                0x0000000008007ccc                _realloc_r
 *(.glue_7)
 .glue_7        0x0000000000000000        0x0 linker stubs
 *(.glue_7t)
 .glue_7t       0x0000000000000000        0x0 linker stubs
 *(.eh_frame)
 .eh_frame      0x00000000080080b8        0x0 /usr/local/Cellar/arm-none-eabi-gcc/20150306/bin/../lib/gcc/arm-none-eabi/4.9.3/armv7e-m/fpu/crtbegin.o
 *(.init)
 .init          0x00000000080080b8        0x4 /usr/local/Cellar/arm-none-eabi-gcc/20150306/bin/../lib/gcc/arm-none-eabi/4.9.3/armv7e-m/fpu/crti.o
                0x00000000080080b8                _init
 .init          0x00000000080080bc        0x8 /usr/local/Cellar/arm-none-eabi-gcc/20150306/bin/../lib/gcc/arm-none-eabi/4.9.3/armv7e-m/fpu/crtn.o
 *(.fini)
 .fini          0x00000000080080c4        0x4 /usr/local/Cellar/arm-none-eabi-gcc/20150306/bin/../lib/gcc/arm-none-eabi/4.9.3/armv7e-m/fpu/crti.o
                0x00000000080080c4                _fini
 .fini          0x00000000080080c8        0x8 /usr/local/Cellar/arm-none-eabi-gcc/20150306/bin/../lib/gcc/arm-none-eabi/4.9.3/armv7e-m/fpu/crtn.o
                0x00000000080080d0                . = ALIGN (0x4)
                0x00000000080080d0                _etext = .

.vfp11_veneer   0x00000000080080d0        0x0
 .vfp11_veneer  0x0000000000000000        0x0 linker stubs

.v4_bx          0x00000000080080d0        0x0
 .v4_bx         0x0000000000000000        0x0 linker stubs

.iplt           0x00000000080080d0        0x0
 .iplt          0x0000000000000000        0x0 /usr/local/Cellar/arm-none-eabi-gcc/20150306/bin/../lib/gcc/arm-none-eabi/4.9.3/armv7e-m/fpu/crtbegin.o

.rodata         0x00000000080080d0      0x438
                0x00000000080080d0                . = ALIGN (0x4)
 *(.rodata)
 *(.rodata*)
 .rodata.str1.4
                0x00000000080080d0        0x2 /usr/local/Cellar/arm-none-eabi-gcc/20150306/bin/../lib/gcc/arm-none-eabi/4.9.3/../../../../arm-none-eabi/lib/armv7e-m/fpu/libc.a(lib_a-impure.o)
                                          0x4 (size before relaxing)
 *fill*         0x00000000080080d2        0x2 
 .rodata._global_impure_ptr
                0x00000000080080d4        0x4 /usr/local/Cellar/arm-none-eabi-gcc/20150306/bin/../lib/gcc/arm-none-eabi/4.9.3/../../../../arm-none-eabi/lib/armv7e-m/fpu/libc.a(lib_a-impure.o)
                0x00000000080080d4                _global_impure_ptr
 .rodata.str1.4
                0x00000000080080d8      0x19f src/adc.o
                                        0x1a0 (size before relaxing)
 *fill*         0x0000000008008277        0x1 
 .rodata.str1.4
                0x0000000008008278       0xc1 src/main.o
                                         0xc4 (size before relaxing)
 *fill*         0x0000000008008339        0x3 
 .rodata.str1.4
                0x000000000800833c       0x1c src/uart.o
 .rodata.APBAHBPrescTable
                0x0000000008008358       0x10 drivers/HAL/src/stm32f3xx_hal_rcc.o
                0x0000000008008358                APBAHBPrescTable
 .rodata.PredivFactorTable
                0x0000000008008368       0x10 drivers/HAL/src/stm32f3xx_hal_rcc_ex.o
                0x0000000008008368                PredivFactorTable
 .rodata.PLLMULFactorTable
                0x0000000008008378       0x10 drivers/HAL/src/stm32f3xx_hal_rcc_ex.o
                0x0000000008008378                PLLMULFactorTable
 .rodata.CSWTCH.33
                0x0000000008008388        0x4 drivers/HAL/src/stm32f3xx_hal_uart.o
 .rodata.zeroes.6916
                0x000000000800838c       0x10 /usr/local/Cellar/arm-none-eabi-gcc/20150306/bin/../lib/gcc/arm-none-eabi/4.9.3/../../../../arm-none-eabi/lib/armv7e-m/fpu/libg.a(lib_a-svfprintf.o)
 .rodata.str1.4
                0x000000000800839c       0x42 /usr/local/Cellar/arm-none-eabi-gcc/20150306/bin/../lib/gcc/arm-none-eabi/4.9.3/../../../../arm-none-eabi/lib/armv7e-m/fpu/libg.a(lib_a-svfprintf.o)
                                         0x44 (size before relaxing)
 *fill*         0x00000000080083de        0x2 
 .rodata.blanks.6915
                0x00000000080083e0       0x10 /usr/local/Cellar/arm-none-eabi-gcc/20150306/bin/../lib/gcc/arm-none-eabi/4.9.3/../../../../arm-none-eabi/lib/armv7e-m/fpu/libg.a(lib_a-svfprintf.o)
 .rodata.str1.4
                0x00000000080083f0       0x10 /usr/local/Cellar/arm-none-eabi-gcc/20150306/bin/../lib/gcc/arm-none-eabi/4.9.3/../../../../arm-none-eabi/lib/armv7e-m/fpu/libg.a(lib_a-dtoa.o)
                                         0x14 (size before relaxing)
 .rodata.str1.4
                0x0000000008008400        0xc /usr/local/Cellar/arm-none-eabi-gcc/20150306/bin/../lib/gcc/arm-none-eabi/4.9.3/../../../../arm-none-eabi/lib/armv7e-m/fpu/libg.a(lib_a-locale.o)
                                         0x14 (size before relaxing)
 .rodata.p05.5296
                0x000000000800840c        0xc /usr/local/Cellar/arm-none-eabi-gcc/20150306/bin/../lib/gcc/arm-none-eabi/4.9.3/../../../../arm-none-eabi/lib/armv7e-m/fpu/libg.a(lib_a-mprec.o)
 .rodata.__mprec_tens
                0x0000000008008418       0xc8 /usr/local/Cellar/arm-none-eabi-gcc/20150306/bin/../lib/gcc/arm-none-eabi/4.9.3/../../../../arm-none-eabi/lib/armv7e-m/fpu/libg.a(lib_a-mprec.o)
                0x0000000008008418                __mprec_tens
 .rodata.__mprec_bigtens
                0x00000000080084e0       0x28 /usr/local/Cellar/arm-none-eabi-gcc/20150306/bin/../lib/gcc/arm-none-eabi/4.9.3/../../../../arm-none-eabi/lib/armv7e-m/fpu/libg.a(lib_a-mprec.o)
                0x00000000080084e0                __mprec_bigtens
                0x0000000008008508                . = ALIGN (0x4)

.ARM.extab
 *(.ARM.extab* .gnu.linkonce.armextab.*)

.ARM            0x0000000008008508        0x8
                0x0000000008008508                __exidx_start = .
 *(.ARM.exidx*)
 .ARM.exidx     0x0000000008008508        0x8 /usr/local/Cellar/arm-none-eabi-gcc/20150306/bin/../lib/gcc/arm-none-eabi/4.9.3/armv7e-m/fpu/libgcc.a(_divdi3.o)
 .ARM.exidx     0x0000000008008510        0x0 /usr/local/Cellar/arm-none-eabi-gcc/20150306/bin/../lib/gcc/arm-none-eabi/4.9.3/armv7e-m/fpu/libgcc.a(_udivdi3.o)
                                          0x8 (size before relaxing)
                0x0000000008008510                __exidx_end = .

.rel.dyn        0x0000000008008510        0x0
 .rel.iplt      0x0000000000000000        0x0 /usr/local/Cellar/arm-none-eabi-gcc/20150306/bin/../lib/gcc/arm-none-eabi/4.9.3/armv7e-m/fpu/crtbegin.o

.preinit_array  0x0000000008008510        0x0
                0x0000000008008510                PROVIDE (__preinit_array_start, .)
 *(.preinit_array*)
                0x0000000008008510                PROVIDE (__preinit_array_end, .)

.init_array     0x0000000008008510        0x8
                0x0000000008008510                PROVIDE (__init_array_start, .)
 *(SORT(.init_array.*))
 .init_array.00000
                0x0000000008008510        0x4 /usr/local/Cellar/arm-none-eabi-gcc/20150306/bin/../lib/gcc/arm-none-eabi/4.9.3/../../../../arm-none-eabi/lib/armv7e-m/fpu/libc.a(lib_a-__call_atexit.o)
 *(.init_array*)
 .init_array    0x0000000008008514        0x4 /usr/local/Cellar/arm-none-eabi-gcc/20150306/bin/../lib/gcc/arm-none-eabi/4.9.3/armv7e-m/fpu/crtbegin.o
                0x0000000008008518                PROVIDE (__init_array_end, .)

.fini_array     0x0000000008008518        0x4
                0x0000000008008518                PROVIDE (__fini_array_start, .)
 *(SORT(.fini_array.*))
 *(.fini_array*)
 .fini_array    0x0000000008008518        0x4 /usr/local/Cellar/arm-none-eabi-gcc/20150306/bin/../lib/gcc/arm-none-eabi/4.9.3/armv7e-m/fpu/crtbegin.o
                0x000000000800851c                PROVIDE (__fini_array_end, .)
                0x000000000800851c                _sidata = LOADADDR (.data)

.data           0x0000000020000000      0x880 load address 0x000000000800851c
                0x0000000020000000                . = ALIGN (0x4)
                0x0000000020000000                _sdata = .
 *(.data)
 *(.data*)
 .data.impure_data
                0x0000000020000000      0x428 /usr/local/Cellar/arm-none-eabi-gcc/20150306/bin/../lib/gcc/arm-none-eabi/4.9.3/../../../../arm-none-eabi/lib/armv7e-m/fpu/libc.a(lib_a-impure.o)
 .data._impure_ptr
                0x0000000020000428        0x4 /usr/local/Cellar/arm-none-eabi-gcc/20150306/bin/../lib/gcc/arm-none-eabi/4.9.3/../../../../arm-none-eabi/lib/armv7e-m/fpu/libc.a(lib_a-impure.o)
                0x0000000020000428                _impure_ptr
 .data.energy_threshold
                0x000000002000042c        0x1 src/adc.o
 *fill*         0x000000002000042d        0x3 
 .data.SystemCoreClock
                0x0000000020000430        0x4 src/system_stm32f3xx.o
                0x0000000020000430                SystemCoreClock
 .data.LED_PORT
                0x0000000020000434        0x4 drivers/stm32f3xx_nucleo.o
                0x0000000020000434                LED_PORT
 .data.__malloc_av_
                0x0000000020000438      0x408 /usr/local/Cellar/arm-none-eabi-gcc/20150306/bin/../lib/gcc/arm-none-eabi/4.9.3/../../../../arm-none-eabi/lib/armv7e-m/fpu/libg.a(lib_a-mallocr.o)
                0x0000000020000438                __malloc_av_
 .data.__malloc_trim_threshold
                0x0000000020000840        0x4 /usr/local/Cellar/arm-none-eabi-gcc/20150306/bin/../lib/gcc/arm-none-eabi/4.9.3/../../../../arm-none-eabi/lib/armv7e-m/fpu/libg.a(lib_a-mallocr.o)
                0x0000000020000840                __malloc_trim_threshold
 .data.__malloc_sbrk_base
                0x0000000020000844        0x4 /usr/local/Cellar/arm-none-eabi-gcc/20150306/bin/../lib/gcc/arm-none-eabi/4.9.3/../../../../arm-none-eabi/lib/armv7e-m/fpu/libg.a(lib_a-mallocr.o)
                0x0000000020000844                __malloc_sbrk_base
 .data.lconv    0x0000000020000848       0x38 /usr/local/Cellar/arm-none-eabi-gcc/20150306/bin/../lib/gcc/arm-none-eabi/4.9.3/../../../../arm-none-eabi/lib/armv7e-m/fpu/libg.a(lib_a-locale.o)
                0x0000000020000880                . = ALIGN (0x4)
                0x0000000020000880                _edata = .

.jcr            0x0000000020000880        0x0 load address 0x0000000008008d9c
 .jcr           0x0000000020000880        0x0 /usr/local/Cellar/arm-none-eabi-gcc/20150306/bin/../lib/gcc/arm-none-eabi/4.9.3/armv7e-m/fpu/crtbegin.o

.igot.plt       0x0000000020000880        0x0 load address 0x0000000008008d9c
 .igot.plt      0x0000000000000000        0x0 /usr/local/Cellar/arm-none-eabi-gcc/20150306/bin/../lib/gcc/arm-none-eabi/4.9.3/armv7e-m/fpu/crtbegin.o
                0x0000000020000880                . = ALIGN (0x4)

.bss            0x0000000020000880     0xbe64 load address 0x0000000008008d9c
                0x0000000020000880                _sbss = .
                0x0000000020000880                __bss_start__ = _sbss
 *(.bss)
 .bss           0x0000000020000880       0x1c /usr/local/Cellar/arm-none-eabi-gcc/20150306/bin/../lib/gcc/arm-none-eabi/4.9.3/armv7e-m/fpu/crtbegin.o
 *(.bss*)
 .bss.heap_end.5903
                0x000000002000089c        0x4 /usr/local/Cellar/arm-none-eabi-gcc/20150306/bin/../lib/gcc/arm-none-eabi/4.9.3/../../../../arm-none-eabi/lib/armv7e-m/fpu/librdimon.a(rdimon-syscalls.o)
 .bss.buffer_inverted
                0x00000000200008a0        0x1 src/adc.o
 .bss.found_ping
                0x00000000200008a1        0x1 src/adc.o
 .bss.active_adcs
                0x00000000200008a2        0x1 src/adc.o
 *fill*         0x00000000200008a3        0x1 
 .bss.ADC34_CLK_ENABLED
                0x00000000200008a4        0x4 src/stm32f3xx_hal_msp.o
 .bss.ADC12_CLK_ENABLED
                0x00000000200008a8        0x4 src/stm32f3xx_hal_msp.o
 .bss.uwTick    0x00000000200008ac        0x4 drivers/HAL/src/stm32f3xx_hal.o
 .bss.__malloc_max_total_mem
                0x00000000200008b0        0x4 /usr/local/Cellar/arm-none-eabi-gcc/20150306/bin/../lib/gcc/arm-none-eabi/4.9.3/../../../../arm-none-eabi/lib/armv7e-m/fpu/libg.a(lib_a-mallocr.o)
                0x00000000200008b0                __malloc_max_total_mem
 .bss.__malloc_max_sbrked_mem
                0x00000000200008b4        0x4 /usr/local/Cellar/arm-none-eabi-gcc/20150306/bin/../lib/gcc/arm-none-eabi/4.9.3/../../../../arm-none-eabi/lib/armv7e-m/fpu/libg.a(lib_a-mallocr.o)
                0x00000000200008b4                __malloc_max_sbrked_mem
 .bss.__malloc_top_pad
                0x00000000200008b8        0x4 /usr/local/Cellar/arm-none-eabi-gcc/20150306/bin/../lib/gcc/arm-none-eabi/4.9.3/../../../../arm-none-eabi/lib/armv7e-m/fpu/libg.a(lib_a-mallocr.o)
                0x00000000200008b8                __malloc_top_pad
 .bss.__malloc_current_mallinfo
                0x00000000200008bc       0x28 /usr/local/Cellar/arm-none-eabi-gcc/20150306/bin/../lib/gcc/arm-none-eabi/4.9.3/../../../../arm-none-eabi/lib/armv7e-m/fpu/libg.a(lib_a-mallocr.o)
                0x00000000200008bc                __malloc_current_mallinfo
 *(COMMON)
 COMMON         0x00000000200008e4     0xbdfc src/adc.o
                0x00000000200008e4                hdma_adc4
                0x000000002000091c                data_3
                0x00000000200037fc                hadc2
                0x0000000020003848                data_0
                0x0000000020006728                hdma_adc3
                0x0000000020006760                hadc1
                0x00000000200067ac                hadc3
                0x00000000200067f8                hdma_adc1
                0x0000000020006830                data_2
                0x0000000020009710                data_1
                0x000000002000c5f0                hadc4
                0x000000002000c63c                hdma_adc2
                0x000000002000c674                uart
 COMMON         0x000000002000c6e0        0x4 /usr/local/Cellar/arm-none-eabi-gcc/20150306/bin/../lib/gcc/arm-none-eabi/4.9.3/../../../../arm-none-eabi/lib/armv7e-m/fpu/libg.a(lib_a-reent.o)
                0x000000002000c6e0                errno
                0x000000002000c6e4                . = ALIGN (0x4)
                0x000000002000c6e4                _ebss = .
                0x000000002000c6e4                __bss_end__ = _ebss

._user_heap_stack
                0x000000002000c6e4      0x600 load address 0x0000000008008d9c
                0x000000002000c6e4                . = ALIGN (0x4)
                0x000000002000c6e4                PROVIDE (end, .)
                0x000000002000c6e4                PROVIDE (_end, .)
                0x000000002000c8e4                . = (. + _Min_Heap_Size)
 *fill*         0x000000002000c6e4      0x200 
                0x000000002000cce4                . = (. + _Min_Stack_Size)
 *fill*         0x000000002000c8e4      0x400 
                0x000000002000cce4                . = ALIGN (0x4)

/DISCARD/
 libc.a(*)
 libm.a(*)
 libgcc.a(*)

.ARM.attributes
                0x0000000000000000       0x30
 *(.ARM.attributes)
 .ARM.attributes
                0x0000000000000000       0x22 /usr/local/Cellar/arm-none-eabi-gcc/20150306/bin/../lib/gcc/arm-none-eabi/4.9.3/armv7e-m/fpu/crti.o
 .ARM.attributes
                0x0000000000000022       0x34 /usr/local/Cellar/arm-none-eabi-gcc/20150306/bin/../lib/gcc/arm-none-eabi/4.9.3/armv7e-m/fpu/crtbegin.o
 .ARM.attributes
                0x0000000000000056       0x34 /usr/local/Cellar/arm-none-eabi-gcc/20150306/bin/../lib/gcc/arm-none-eabi/4.9.3/../../../../arm-none-eabi/lib/armv7e-m/fpu/libc.a(lib_a-impure.o)
 .ARM.attributes
                0x000000000000008a       0x34 /usr/local/Cellar/arm-none-eabi-gcc/20150306/bin/../lib/gcc/arm-none-eabi/4.9.3/../../../../arm-none-eabi/lib/armv7e-m/fpu/libc.a(lib_a-init.o)
 .ARM.attributes
                0x00000000000000be       0x34 /usr/local/Cellar/arm-none-eabi-gcc/20150306/bin/../lib/gcc/arm-none-eabi/4.9.3/../../../../arm-none-eabi/lib/armv7e-m/fpu/libc.a(lib_a-memset.o)
 .ARM.attributes
                0x00000000000000f2       0x34 /usr/local/Cellar/arm-none-eabi-gcc/20150306/bin/../lib/gcc/arm-none-eabi/4.9.3/../../../../arm-none-eabi/lib/armv7e-m/fpu/libc.a(lib_a-__call_atexit.o)
 .ARM.attributes
                0x0000000000000126       0x34 /usr/local/Cellar/arm-none-eabi-gcc/20150306/bin/../lib/gcc/arm-none-eabi/4.9.3/../../../../arm-none-eabi/lib/armv7e-m/fpu/libc.a(lib_a-atexit.o)
 .ARM.attributes
                0x000000000000015a       0x34 /usr/local/Cellar/arm-none-eabi-gcc/20150306/bin/../lib/gcc/arm-none-eabi/4.9.3/../../../../arm-none-eabi/lib/armv7e-m/fpu/libc.a(lib_a-fini.o)
 .ARM.attributes
                0x000000000000018e       0x34 /usr/local/Cellar/arm-none-eabi-gcc/20150306/bin/../lib/gcc/arm-none-eabi/4.9.3/../../../../arm-none-eabi/lib/armv7e-m/fpu/libc.a(lib_a-__atexit.o)
 .ARM.attributes
                0x00000000000001c2       0x34 /usr/local/Cellar/arm-none-eabi-gcc/20150306/bin/../lib/gcc/arm-none-eabi/4.9.3/../../../../arm-none-eabi/lib/armv7e-m/fpu/librdimon.a(rdimon-syscalls.o)
 .ARM.attributes
                0x00000000000001f6       0x39 src/adc.o
 .ARM.attributes
                0x000000000000022f       0x39 src/main.o
 .ARM.attributes
                0x0000000000000268       0x39 src/peak.o
 .ARM.attributes
                0x00000000000002a1       0x39 src/stm32f3xx_hal_msp.o
 .ARM.attributes
                0x00000000000002da       0x39 src/stm32f3xx_it.o
 .ARM.attributes
                0x0000000000000313       0x39 src/system_stm32f3xx.o
 .ARM.attributes
                0x000000000000034c       0x39 src/uart.o
 .ARM.attributes
                0x0000000000000385       0x39 drivers/HAL/src/stm32f3xx_hal.o
 .ARM.attributes
                0x00000000000003be       0x39 drivers/HAL/src/stm32f3xx_hal_adc.o
 .ARM.attributes
                0x00000000000003f7       0x39 drivers/HAL/src/stm32f3xx_hal_adc_ex.o
 .ARM.attributes
                0x0000000000000430       0x39 drivers/HAL/src/stm32f3xx_hal_cortex.o
 .ARM.attributes
                0x0000000000000469       0x39 drivers/HAL/src/stm32f3xx_hal_dma.o
 .ARM.attributes
                0x00000000000004a2       0x39 drivers/HAL/src/stm32f3xx_hal_gpio.o
 .ARM.attributes
                0x00000000000004db       0x39 drivers/HAL/src/stm32f3xx_hal_rcc.o
 .ARM.attributes
                0x0000000000000514       0x39 drivers/HAL/src/stm32f3xx_hal_rcc_ex.o
 .ARM.attributes
                0x000000000000054d       0x39 drivers/HAL/src/stm32f3xx_hal_uart.o
 .ARM.attributes
                0x0000000000000586       0x39 drivers/stm32f3xx_nucleo.o
 .ARM.attributes
                0x00000000000005bf       0x21 /var/folders/h9/1f0s4pzj2dqcq1bw_kzwsbfw0000gn/T//cca3JWWy.o
 .ARM.attributes
                0x00000000000005e0       0x34 /usr/local/Cellar/arm-none-eabi-gcc/20150306/bin/../lib/gcc/arm-none-eabi/4.9.3/../../../../arm-none-eabi/lib/armv7e-m/fpu/libg.a(lib_a-errno.o)
 .ARM.attributes
                0x0000000000000614       0x34 /usr/local/Cellar/arm-none-eabi-gcc/20150306/bin/../lib/gcc/arm-none-eabi/4.9.3/../../../../arm-none-eabi/lib/armv7e-m/fpu/libg.a(lib_a-mallocr.o)
 .ARM.attributes
                0x0000000000000648       0x34 /usr/local/Cellar/arm-none-eabi-gcc/20150306/bin/../lib/gcc/arm-none-eabi/4.9.3/../../../../arm-none-eabi/lib/armv7e-m/fpu/libg.a(lib_a-mlock.o)
 .ARM.attributes
                0x000000000000067c       0x34 /usr/local/Cellar/arm-none-eabi-gcc/20150306/bin/../lib/gcc/arm-none-eabi/4.9.3/../../../../arm-none-eabi/lib/armv7e-m/fpu/libg.a(lib_a-sbrkr.o)
 .ARM.attributes
                0x00000000000006b0       0x34 /usr/local/Cellar/arm-none-eabi-gcc/20150306/bin/../lib/gcc/arm-none-eabi/4.9.3/../../../../arm-none-eabi/lib/armv7e-m/fpu/libg.a(lib_a-sprintf.o)
 .ARM.attributes
                0x00000000000006e4       0x34 /usr/local/Cellar/arm-none-eabi-gcc/20150306/bin/../lib/gcc/arm-none-eabi/4.9.3/../../../../arm-none-eabi/lib/armv7e-m/fpu/libg.a(lib_a-strlen.o)
 .ARM.attributes
                0x0000000000000718       0x34 /usr/local/Cellar/arm-none-eabi-gcc/20150306/bin/../lib/gcc/arm-none-eabi/4.9.3/../../../../arm-none-eabi/lib/armv7e-m/fpu/libg.a(lib_a-svfprintf.o)
 .ARM.attributes
                0x000000000000074c       0x34 /usr/local/Cellar/arm-none-eabi-gcc/20150306/bin/../lib/gcc/arm-none-eabi/4.9.3/../../../../arm-none-eabi/lib/armv7e-m/fpu/libg.a(lib_a-dtoa.o)
 .ARM.attributes
                0x0000000000000780       0x34 /usr/local/Cellar/arm-none-eabi-gcc/20150306/bin/../lib/gcc/arm-none-eabi/4.9.3/../../../../arm-none-eabi/lib/armv7e-m/fpu/libg.a(lib_a-freer.o)
 .ARM.attributes
                0x00000000000007b4       0x34 /usr/local/Cellar/arm-none-eabi-gcc/20150306/bin/../lib/gcc/arm-none-eabi/4.9.3/../../../../arm-none-eabi/lib/armv7e-m/fpu/libg.a(lib_a-locale.o)
 .ARM.attributes
                0x00000000000007e8       0x34 /usr/local/Cellar/arm-none-eabi-gcc/20150306/bin/../lib/gcc/arm-none-eabi/4.9.3/../../../../arm-none-eabi/lib/armv7e-m/fpu/libg.a(lib_a-memchr.o)
 .ARM.attributes
                0x000000000000081c       0x20 /usr/local/Cellar/arm-none-eabi-gcc/20150306/bin/../lib/gcc/arm-none-eabi/4.9.3/../../../../arm-none-eabi/lib/armv7e-m/fpu/libg.a(lib_a-memcpy.o)
 .ARM.attributes
                0x000000000000083c       0x34 /usr/local/Cellar/arm-none-eabi-gcc/20150306/bin/../lib/gcc/arm-none-eabi/4.9.3/../../../../arm-none-eabi/lib/armv7e-m/fpu/libg.a(lib_a-mprec.o)
 .ARM.attributes
                0x0000000000000870       0x34 /usr/local/Cellar/arm-none-eabi-gcc/20150306/bin/../lib/gcc/arm-none-eabi/4.9.3/../../../../arm-none-eabi/lib/armv7e-m/fpu/libg.a(lib_a-reent.o)
 .ARM.attributes
                0x00000000000008a4       0x34 /usr/local/Cellar/arm-none-eabi-gcc/20150306/bin/../lib/gcc/arm-none-eabi/4.9.3/../../../../arm-none-eabi/lib/armv7e-m/fpu/libg.a(lib_a-s_fpclassify.o)
 .ARM.attributes
                0x00000000000008d8       0x34 /usr/local/Cellar/arm-none-eabi-gcc/20150306/bin/../lib/gcc/arm-none-eabi/4.9.3/../../../../arm-none-eabi/lib/armv7e-m/fpu/libg.a(lib_a-svfiprintf.o)
 .ARM.attributes
                0x000000000000090c       0x34 /usr/local/Cellar/arm-none-eabi-gcc/20150306/bin/../lib/gcc/arm-none-eabi/4.9.3/../../../../arm-none-eabi/lib/armv7e-m/fpu/libg.a(lib_a-callocr.o)
 .ARM.attributes
                0x0000000000000940       0x34 /usr/local/Cellar/arm-none-eabi-gcc/20150306/bin/../lib/gcc/arm-none-eabi/4.9.3/../../../../arm-none-eabi/lib/armv7e-m/fpu/libg.a(lib_a-memmove.o)
 .ARM.attributes
                0x0000000000000974       0x34 /usr/local/Cellar/arm-none-eabi-gcc/20150306/bin/../lib/gcc/arm-none-eabi/4.9.3/../../../../arm-none-eabi/lib/armv7e-m/fpu/libg.a(lib_a-reallocr.o)
 .ARM.attributes
                0x00000000000009a8       0x22 /usr/local/Cellar/arm-none-eabi-gcc/20150306/bin/../lib/gcc/arm-none-eabi/4.9.3/armv7e-m/fpu/libgcc.a(_arm_addsubdf3.o)
 .ARM.attributes
                0x00000000000009ca       0x22 /usr/local/Cellar/arm-none-eabi-gcc/20150306/bin/../lib/gcc/arm-none-eabi/4.9.3/armv7e-m/fpu/libgcc.a(_arm_muldivdf3.o)
 .ARM.attributes
                0x00000000000009ec       0x22 /usr/local/Cellar/arm-none-eabi-gcc/20150306/bin/../lib/gcc/arm-none-eabi/4.9.3/armv7e-m/fpu/libgcc.a(_arm_cmpdf2.o)
 .ARM.attributes
                0x0000000000000a0e       0x22 /usr/local/Cellar/arm-none-eabi-gcc/20150306/bin/../lib/gcc/arm-none-eabi/4.9.3/armv7e-m/fpu/libgcc.a(_arm_fixdfsi.o)
 .ARM.attributes
                0x0000000000000a30       0x22 /usr/local/Cellar/arm-none-eabi-gcc/20150306/bin/../lib/gcc/arm-none-eabi/4.9.3/armv7e-m/fpu/libgcc.a(_aeabi_uldivmod.o)
 .ARM.attributes
                0x0000000000000a52       0x34 /usr/local/Cellar/arm-none-eabi-gcc/20150306/bin/../lib/gcc/arm-none-eabi/4.9.3/armv7e-m/fpu/libgcc.a(bpabi.o)
 .ARM.attributes
                0x0000000000000a86       0x22 /usr/local/Cellar/arm-none-eabi-gcc/20150306/bin/../lib/gcc/arm-none-eabi/4.9.3/armv7e-m/fpu/libgcc.a(_dvmd_tls.o)
 .ARM.attributes
                0x0000000000000aa8       0x34 /usr/local/Cellar/arm-none-eabi-gcc/20150306/bin/../lib/gcc/arm-none-eabi/4.9.3/armv7e-m/fpu/libgcc.a(_divdi3.o)
 .ARM.attributes
                0x0000000000000adc       0x34 /usr/local/Cellar/arm-none-eabi-gcc/20150306/bin/../lib/gcc/arm-none-eabi/4.9.3/armv7e-m/fpu/libgcc.a(_udivdi3.o)
 .ARM.attributes
                0x0000000000000b10       0x22 /usr/local/Cellar/arm-none-eabi-gcc/20150306/bin/../lib/gcc/arm-none-eabi/4.9.3/armv7e-m/fpu/crtn.o
OUTPUT(hydrophones.elf elf32-littlearm)

.debug_frame    0x0000000000000000     0x2518
 .debug_frame   0x0000000000000000       0x2c /usr/local/Cellar/arm-none-eabi-gcc/20150306/bin/../lib/gcc/arm-none-eabi/4.9.3/../../../../arm-none-eabi/lib/armv7e-m/fpu/libc.a(lib_a-init.o)
 .debug_frame   0x000000000000002c       0x34 /usr/local/Cellar/arm-none-eabi-gcc/20150306/bin/../lib/gcc/arm-none-eabi/4.9.3/../../../../arm-none-eabi/lib/armv7e-m/fpu/libc.a(lib_a-memset.o)
 .debug_frame   0x0000000000000060       0x50 /usr/local/Cellar/arm-none-eabi-gcc/20150306/bin/../lib/gcc/arm-none-eabi/4.9.3/../../../../arm-none-eabi/lib/armv7e-m/fpu/libc.a(lib_a-__call_atexit.o)
 .debug_frame   0x00000000000000b0       0x20 /usr/local/Cellar/arm-none-eabi-gcc/20150306/bin/../lib/gcc/arm-none-eabi/4.9.3/../../../../arm-none-eabi/lib/armv7e-m/fpu/libc.a(lib_a-atexit.o)
 .debug_frame   0x00000000000000d0       0x34 /usr/local/Cellar/arm-none-eabi-gcc/20150306/bin/../lib/gcc/arm-none-eabi/4.9.3/../../../../arm-none-eabi/lib/armv7e-m/fpu/libc.a(lib_a-fini.o)
 .debug_frame   0x0000000000000104       0x34 /usr/local/Cellar/arm-none-eabi-gcc/20150306/bin/../lib/gcc/arm-none-eabi/4.9.3/../../../../arm-none-eabi/lib/armv7e-m/fpu/libc.a(lib_a-__atexit.o)
 .debug_frame   0x0000000000000138      0x364 /usr/local/Cellar/arm-none-eabi-gcc/20150306/bin/../lib/gcc/arm-none-eabi/4.9.3/../../../../arm-none-eabi/lib/armv7e-m/fpu/librdimon.a(rdimon-syscalls.o)
 .debug_frame   0x000000000000049c      0x140 src/adc.o
 .debug_frame   0x00000000000005dc       0x84 src/main.o
 .debug_frame   0x0000000000000660       0x30 src/peak.o
 .debug_frame   0x0000000000000690       0xd8 src/stm32f3xx_hal_msp.o
 .debug_frame   0x0000000000000768       0xf0 src/stm32f3xx_it.o
 .debug_frame   0x0000000000000858       0x3c src/system_stm32f3xx.o
 .debug_frame   0x0000000000000894       0x90 src/uart.o
 .debug_frame   0x0000000000000924      0x168 drivers/HAL/src/stm32f3xx_hal.o
 .debug_frame   0x0000000000000a8c      0x170 drivers/HAL/src/stm32f3xx_hal_adc.o
 .debug_frame   0x0000000000000bfc      0x49c drivers/HAL/src/stm32f3xx_hal_adc_ex.o
 .debug_frame   0x0000000000001098      0x13c drivers/HAL/src/stm32f3xx_hal_cortex.o
 .debug_frame   0x00000000000011d4      0x140 drivers/HAL/src/stm32f3xx_hal_dma.o
 .debug_frame   0x0000000000001314       0xcc drivers/HAL/src/stm32f3xx_hal_gpio.o
 .debug_frame   0x00000000000013e0      0x140 drivers/HAL/src/stm32f3xx_hal_rcc.o
 .debug_frame   0x0000000000001520       0x8c drivers/HAL/src/stm32f3xx_hal_rcc_ex.o
 .debug_frame   0x00000000000015ac      0x458 drivers/HAL/src/stm32f3xx_hal_uart.o
 .debug_frame   0x0000000000001a04      0x288 drivers/stm32f3xx_nucleo.o
 .debug_frame   0x0000000000001c8c       0x20 /usr/local/Cellar/arm-none-eabi-gcc/20150306/bin/../lib/gcc/arm-none-eabi/4.9.3/../../../../arm-none-eabi/lib/armv7e-m/fpu/libg.a(lib_a-errno.o)
 .debug_frame   0x0000000000001cac       0x58 /usr/local/Cellar/arm-none-eabi-gcc/20150306/bin/../lib/gcc/arm-none-eabi/4.9.3/../../../../arm-none-eabi/lib/armv7e-m/fpu/libg.a(lib_a-mallocr.o)
 .debug_frame   0x0000000000001d04       0x30 /usr/local/Cellar/arm-none-eabi-gcc/20150306/bin/../lib/gcc/arm-none-eabi/4.9.3/../../../../arm-none-eabi/lib/armv7e-m/fpu/libg.a(lib_a-mlock.o)
 .debug_frame   0x0000000000001d34       0x2c /usr/local/Cellar/arm-none-eabi-gcc/20150306/bin/../lib/gcc/arm-none-eabi/4.9.3/../../../../arm-none-eabi/lib/armv7e-m/fpu/libg.a(lib_a-sbrkr.o)
 .debug_frame   0x0000000000001d60       0x84 /usr/local/Cellar/arm-none-eabi-gcc/20150306/bin/../lib/gcc/arm-none-eabi/4.9.3/../../../../arm-none-eabi/lib/armv7e-m/fpu/libg.a(lib_a-sprintf.o)
 .debug_frame   0x0000000000001de4       0x20 /usr/local/Cellar/arm-none-eabi-gcc/20150306/bin/../lib/gcc/arm-none-eabi/4.9.3/../../../../arm-none-eabi/lib/armv7e-m/fpu/libg.a(lib_a-strlen.o)
 .debug_frame   0x0000000000001e04       0x40 /usr/local/Cellar/arm-none-eabi-gcc/20150306/bin/../lib/gcc/arm-none-eabi/4.9.3/../../../../arm-none-eabi/lib/armv7e-m/fpu/libg.a(lib_a-svfprintf.o)
 .debug_frame   0x0000000000001e44       0x88 /usr/local/Cellar/arm-none-eabi-gcc/20150306/bin/../lib/gcc/arm-none-eabi/4.9.3/../../../../arm-none-eabi/lib/armv7e-m/fpu/libg.a(lib_a-dtoa.o)
 .debug_frame   0x0000000000001ecc       0x74 /usr/local/Cellar/arm-none-eabi-gcc/20150306/bin/../lib/gcc/arm-none-eabi/4.9.3/../../../../arm-none-eabi/lib/armv7e-m/fpu/libg.a(lib_a-freer.o)
 .debug_frame   0x0000000000001f40       0x9c /usr/local/Cellar/arm-none-eabi-gcc/20150306/bin/../lib/gcc/arm-none-eabi/4.9.3/../../../../arm-none-eabi/lib/armv7e-m/fpu/libg.a(lib_a-locale.o)
 .debug_frame   0x0000000000001fdc       0x3c /usr/local/Cellar/arm-none-eabi-gcc/20150306/bin/../lib/gcc/arm-none-eabi/4.9.3/../../../../arm-none-eabi/lib/armv7e-m/fpu/libg.a(lib_a-memchr.o)
 .debug_frame   0x0000000000002018      0x268 /usr/local/Cellar/arm-none-eabi-gcc/20150306/bin/../lib/gcc/arm-none-eabi/4.9.3/../../../../arm-none-eabi/lib/armv7e-m/fpu/libg.a(lib_a-mprec.o)
 .debug_frame   0x0000000000002280       0x58 /usr/local/Cellar/arm-none-eabi-gcc/20150306/bin/../lib/gcc/arm-none-eabi/4.9.3/../../../../arm-none-eabi/lib/armv7e-m/fpu/libg.a(lib_a-reent.o)
 .debug_frame   0x00000000000022d8       0x34 /usr/local/Cellar/arm-none-eabi-gcc/20150306/bin/../lib/gcc/arm-none-eabi/4.9.3/../../../../arm-none-eabi/lib/armv7e-m/fpu/libg.a(lib_a-s_fpclassify.o)
 .debug_frame   0x000000000000230c       0x78 /usr/local/Cellar/arm-none-eabi-gcc/20150306/bin/../lib/gcc/arm-none-eabi/4.9.3/../../../../arm-none-eabi/lib/armv7e-m/fpu/libg.a(lib_a-svfiprintf.o)
 .debug_frame   0x0000000000002384       0x28 /usr/local/Cellar/arm-none-eabi-gcc/20150306/bin/../lib/gcc/arm-none-eabi/4.9.3/../../../../arm-none-eabi/lib/armv7e-m/fpu/libg.a(lib_a-callocr.o)
 .debug_frame   0x00000000000023ac       0x30 /usr/local/Cellar/arm-none-eabi-gcc/20150306/bin/../lib/gcc/arm-none-eabi/4.9.3/../../../../arm-none-eabi/lib/armv7e-m/fpu/libg.a(lib_a-memmove.o)
 .debug_frame   0x00000000000023dc       0x60 /usr/local/Cellar/arm-none-eabi-gcc/20150306/bin/../lib/gcc/arm-none-eabi/4.9.3/../../../../arm-none-eabi/lib/armv7e-m/fpu/libg.a(lib_a-reallocr.o)
 .debug_frame   0x000000000000243c       0x28 /usr/local/Cellar/arm-none-eabi-gcc/20150306/bin/../lib/gcc/arm-none-eabi/4.9.3/armv7e-m/fpu/libgcc.a(_aeabi_uldivmod.o)
 .debug_frame   0x0000000000002464       0x50 /usr/local/Cellar/arm-none-eabi-gcc/20150306/bin/../lib/gcc/arm-none-eabi/4.9.3/armv7e-m/fpu/libgcc.a(bpabi.o)
 .debug_frame   0x00000000000024b4       0x34 /usr/local/Cellar/arm-none-eabi-gcc/20150306/bin/../lib/gcc/arm-none-eabi/4.9.3/armv7e-m/fpu/libgcc.a(_divdi3.o)
 .debug_frame   0x00000000000024e8       0x30 /usr/local/Cellar/arm-none-eabi-gcc/20150306/bin/../lib/gcc/arm-none-eabi/4.9.3/armv7e-m/fpu/libgcc.a(_udivdi3.o)

.debug_info     0x0000000000000000    0x10668
 .debug_info    0x0000000000000000     0x16b8 src/adc.o
 .debug_info    0x00000000000016b8     0x13f8 src/main.o
 .debug_info    0x0000000000002ab0      0xaf7 src/peak.o
 .debug_info    0x00000000000035a7     0x15a0 src/stm32f3xx_hal_msp.o
 .debug_info    0x0000000000004b47      0xbeb src/stm32f3xx_it.o
 .debug_info    0x0000000000005732      0x3b7 src/system_stm32f3xx.o
 .debug_info    0x0000000000005ae9      0xd60 src/uart.o
 .debug_info    0x0000000000006849      0x74c drivers/HAL/src/stm32f3xx_hal.o
 .debug_info    0x0000000000006f95      0xad5 drivers/HAL/src/stm32f3xx_hal_adc.o
 .debug_info    0x0000000000007a6a     0x17f6 drivers/HAL/src/stm32f3xx_hal_adc_ex.o
 .debug_info    0x0000000000009260      0xca6 drivers/HAL/src/stm32f3xx_hal_cortex.o
 .debug_info    0x0000000000009f06      0x625 drivers/HAL/src/stm32f3xx_hal_dma.o
 .debug_info    0x000000000000a52b      0x729 drivers/HAL/src/stm32f3xx_hal_gpio.o
 .debug_info    0x000000000000ac54      0xeec drivers/HAL/src/stm32f3xx_hal_rcc.o
 .debug_info    0x000000000000bb40     0x1a91 drivers/HAL/src/stm32f3xx_hal_rcc_ex.o
 .debug_info    0x000000000000d5d1     0x149d drivers/HAL/src/stm32f3xx_hal_uart.o
 .debug_info    0x000000000000ea6e     0x1b85 drivers/stm32f3xx_nucleo.o
 .debug_info    0x00000000000105f3       0x75 /var/folders/h9/1f0s4pzj2dqcq1bw_kzwsbfw0000gn/T//cca3JWWy.o

.debug_abbrev   0x0000000000000000     0x25e3
 .debug_abbrev  0x0000000000000000      0x2fc src/adc.o
 .debug_abbrev  0x00000000000002fc      0x278 src/main.o
 .debug_abbrev  0x0000000000000574      0x182 src/peak.o
 .debug_abbrev  0x00000000000006f6      0x239 src/stm32f3xx_hal_msp.o
 .debug_abbrev  0x000000000000092f      0x1ae src/stm32f3xx_it.o
 .debug_abbrev  0x0000000000000add      0x101 src/system_stm32f3xx.o
 .debug_abbrev  0x0000000000000bde      0x1d6 src/uart.o
 .debug_abbrev  0x0000000000000db4      0x1e2 drivers/HAL/src/stm32f3xx_hal.o
 .debug_abbrev  0x0000000000000f96      0x15d drivers/HAL/src/stm32f3xx_hal_adc.o
 .debug_abbrev  0x00000000000010f3      0x2c3 drivers/HAL/src/stm32f3xx_hal_adc_ex.o
 .debug_abbrev  0x00000000000013b6      0x2a5 drivers/HAL/src/stm32f3xx_hal_cortex.o
 .debug_abbrev  0x000000000000165b      0x205 drivers/HAL/src/stm32f3xx_hal_dma.o
 .debug_abbrev  0x0000000000001860      0x1bf drivers/HAL/src/stm32f3xx_hal_gpio.o
 .debug_abbrev  0x0000000000001a1f      0x2f7 drivers/HAL/src/stm32f3xx_hal_rcc.o
 .debug_abbrev  0x0000000000001d16      0x271 drivers/HAL/src/stm32f3xx_hal_rcc_ex.o
 .debug_abbrev  0x0000000000001f87      0x29c drivers/HAL/src/stm32f3xx_hal_uart.o
 .debug_abbrev  0x0000000000002223      0x3ae drivers/stm32f3xx_nucleo.o
 .debug_abbrev  0x00000000000025d1       0x12 /var/folders/h9/1f0s4pzj2dqcq1bw_kzwsbfw0000gn/T//cca3JWWy.o

.debug_loc      0x0000000000000000     0x6158
 .debug_loc     0x0000000000000000      0x924 src/adc.o
 .debug_loc     0x0000000000000924       0x1e src/main.o
 .debug_loc     0x0000000000000942      0x106 src/peak.o
 .debug_loc     0x0000000000000a48      0x1ac src/stm32f3xx_hal_msp.o
 .debug_loc     0x0000000000000bf4       0xe9 src/system_stm32f3xx.o
 .debug_loc     0x0000000000000cdd       0xd1 src/uart.o
 .debug_loc     0x0000000000000dae       0x4b drivers/HAL/src/stm32f3xx_hal.o
 .debug_loc     0x0000000000000df9      0x1ef drivers/HAL/src/stm32f3xx_hal_adc.o
 .debug_loc     0x0000000000000fe8     0x1705 drivers/HAL/src/stm32f3xx_hal_adc_ex.o
 .debug_loc     0x00000000000026ed      0x518 drivers/HAL/src/stm32f3xx_hal_cortex.o
 .debug_loc     0x0000000000002c05      0x612 drivers/HAL/src/stm32f3xx_hal_dma.o
 .debug_loc     0x0000000000003217      0x414 drivers/HAL/src/stm32f3xx_hal_gpio.o
 .debug_loc     0x000000000000362b      0x627 drivers/HAL/src/stm32f3xx_hal_rcc.o
 .debug_loc     0x0000000000003c52     0x104a drivers/HAL/src/stm32f3xx_hal_rcc_ex.o
 .debug_loc     0x0000000000004c9c     0x1035 drivers/HAL/src/stm32f3xx_hal_uart.o
 .debug_loc     0x0000000000005cd1      0x487 drivers/stm32f3xx_nucleo.o

.debug_aranges  0x0000000000000000      0x918
 .debug_aranges
                0x0000000000000000       0x70 src/adc.o
 .debug_aranges
                0x0000000000000070       0x40 src/main.o
 .debug_aranges
                0x00000000000000b0       0x20 src/peak.o
 .debug_aranges
                0x00000000000000d0       0x48 src/stm32f3xx_hal_msp.o
 .debug_aranges
                0x0000000000000118       0x88 src/stm32f3xx_it.o
 .debug_aranges
                0x00000000000001a0       0x28 src/system_stm32f3xx.o
 .debug_aranges
                0x00000000000001c8       0x40 src/uart.o
 .debug_aranges
                0x0000000000000208       0xb0 drivers/HAL/src/stm32f3xx_hal.o
 .debug_aranges
                0x00000000000002b8       0xc8 drivers/HAL/src/stm32f3xx_hal_adc.o
 .debug_aranges
                0x0000000000000380      0x138 drivers/HAL/src/stm32f3xx_hal_adc_ex.o
 .debug_aranges
                0x00000000000004b8       0x90 drivers/HAL/src/stm32f3xx_hal_cortex.o
 .debug_aranges
                0x0000000000000548       0x60 drivers/HAL/src/stm32f3xx_hal_dma.o
 .debug_aranges
                0x00000000000005a8       0x58 drivers/HAL/src/stm32f3xx_hal_gpio.o
 .debug_aranges
                0x0000000000000600       0x88 drivers/HAL/src/stm32f3xx_hal_rcc.o
 .debug_aranges
                0x0000000000000688       0x40 drivers/HAL/src/stm32f3xx_hal_rcc_ex.o
 .debug_aranges
                0x00000000000006c8      0x160 drivers/HAL/src/stm32f3xx_hal_uart.o
 .debug_aranges
                0x0000000000000828       0xc8 drivers/stm32f3xx_nucleo.o
 .debug_aranges
                0x00000000000008f0       0x28 /var/folders/h9/1f0s4pzj2dqcq1bw_kzwsbfw0000gn/T//cca3JWWy.o

.debug_ranges   0x0000000000000000      0xc68
 .debug_ranges  0x0000000000000000       0x78 src/adc.o
 .debug_ranges  0x0000000000000078       0x68 src/main.o
 .debug_ranges  0x00000000000000e0       0x28 src/peak.o
 .debug_ranges  0x0000000000000108       0x38 src/stm32f3xx_hal_msp.o
 .debug_ranges  0x0000000000000140       0x78 src/stm32f3xx_it.o
 .debug_ranges  0x00000000000001b8       0x18 src/system_stm32f3xx.o
 .debug_ranges  0x00000000000001d0       0x30 src/uart.o
 .debug_ranges  0x0000000000000200       0xa0 drivers/HAL/src/stm32f3xx_hal.o
 .debug_ranges  0x00000000000002a0       0xb8 drivers/HAL/src/stm32f3xx_hal_adc.o
 .debug_ranges  0x0000000000000358      0x128 drivers/HAL/src/stm32f3xx_hal_adc_ex.o
 .debug_ranges  0x0000000000000480      0x130 drivers/HAL/src/stm32f3xx_hal_cortex.o
 .debug_ranges  0x00000000000005b0       0x90 drivers/HAL/src/stm32f3xx_hal_dma.o
 .debug_ranges  0x0000000000000640       0x48 drivers/HAL/src/stm32f3xx_hal_gpio.o
 .debug_ranges  0x0000000000000688       0xc0 drivers/HAL/src/stm32f3xx_hal_rcc.o
 .debug_ranges  0x0000000000000748      0x1c8 drivers/HAL/src/stm32f3xx_hal_rcc_ex.o
 .debug_ranges  0x0000000000000910      0x1a8 drivers/HAL/src/stm32f3xx_hal_uart.o
 .debug_ranges  0x0000000000000ab8      0x190 drivers/stm32f3xx_nucleo.o
 .debug_ranges  0x0000000000000c48       0x20 /var/folders/h9/1f0s4pzj2dqcq1bw_kzwsbfw0000gn/T//cca3JWWy.o

.debug_line     0x0000000000000000     0x5ac5
 .debug_line    0x0000000000000000      0x432 src/adc.o
 .debug_line    0x0000000000000432      0x340 src/main.o
 .debug_line    0x0000000000000772      0x1ef src/peak.o
 .debug_line    0x0000000000000961      0x3e9 src/stm32f3xx_hal_msp.o
 .debug_line    0x0000000000000d4a      0x2d2 src/stm32f3xx_it.o
 .debug_line    0x000000000000101c      0x180 src/system_stm32f3xx.o
 .debug_line    0x000000000000119c      0x2a7 src/uart.o
 .debug_line    0x0000000000001443      0x2ef drivers/HAL/src/stm32f3xx_hal.o
 .debug_line    0x0000000000001732      0x31e drivers/HAL/src/stm32f3xx_hal_adc.o
 .debug_line    0x0000000000001a50     0x1136 drivers/HAL/src/stm32f3xx_hal_adc_ex.o
 .debug_line    0x0000000000002b86      0x32c drivers/HAL/src/stm32f3xx_hal_cortex.o
 .debug_line    0x0000000000002eb2      0x8fb drivers/HAL/src/stm32f3xx_hal_dma.o
 .debug_line    0x00000000000037ad      0x336 drivers/HAL/src/stm32f3xx_hal_gpio.o
 .debug_line    0x0000000000003ae3      0x524 drivers/HAL/src/stm32f3xx_hal_rcc.o
 .debug_line    0x0000000000004007      0x86f drivers/HAL/src/stm32f3xx_hal_rcc_ex.o
 .debug_line    0x0000000000004876      0xc74 drivers/HAL/src/stm32f3xx_hal_uart.o
 .debug_line    0x00000000000054ea      0x55f drivers/stm32f3xx_nucleo.o
 .debug_line    0x0000000000005a49       0x7c /var/folders/h9/1f0s4pzj2dqcq1bw_kzwsbfw0000gn/T//cca3JWWy.o

.debug_str      0x0000000000000000     0x32c5
 .debug_str     0x0000000000000000      0xc3a src/adc.o
                                        0xd62 (size before relaxing)
 .debug_str     0x0000000000000c3a      0x45e src/main.o
                                        0xfa2 (size before relaxing)
 .debug_str     0x0000000000001098       0x18 src/peak.o
                                        0xacf (size before relaxing)
 .debug_str     0x00000000000010b0      0x707 src/stm32f3xx_hal_msp.o
                                       0x1404 (size before relaxing)
 .debug_str     0x00000000000017b7      0x13b src/stm32f3xx_it.o
                                        0xbda (size before relaxing)
 .debug_str     0x00000000000018f2       0xab src/system_stm32f3xx.o
                                        0x303 (size before relaxing)
 .debug_str     0x000000000000199d       0x48 src/uart.o
                                        0xb5c (size before relaxing)
 .debug_str     0x00000000000019e5      0x1d8 drivers/HAL/src/stm32f3xx_hal.o
                                        0x92c (size before relaxing)
 .debug_str     0x0000000000001bbd      0x162 drivers/HAL/src/stm32f3xx_hal_adc.o
                                        0x9e3 (size before relaxing)
 .debug_str     0x0000000000001d1f      0x58f drivers/HAL/src/stm32f3xx_hal_adc_ex.o
                                        0xf8e (size before relaxing)
 .debug_str     0x00000000000022ae      0x1f4 drivers/HAL/src/stm32f3xx_hal_cortex.o
                                        0xa96 (size before relaxing)
 .debug_str     0x00000000000024a2       0xe6 drivers/HAL/src/stm32f3xx_hal_dma.o
                                        0x52a (size before relaxing)
 .debug_str     0x0000000000002588      0x17c drivers/HAL/src/stm32f3xx_hal_gpio.o
                                        0x4e9 (size before relaxing)
 .debug_str     0x0000000000002704      0x147 drivers/HAL/src/stm32f3xx_hal_rcc.o
                                        0x609 (size before relaxing)
 .debug_str     0x000000000000284b       0x9d drivers/HAL/src/stm32f3xx_hal_rcc_ex.o
                                        0x61a (size before relaxing)
 .debug_str     0x00000000000028e8      0x4a2 drivers/HAL/src/stm32f3xx_hal_uart.o
                                        0xcf1 (size before relaxing)
 .debug_str     0x0000000000002d8a      0x53b drivers/stm32f3xx_nucleo.o
                                       0x1441 (size before relaxing)

.comment        0x0000000000000000       0x70
 .comment       0x0000000000000000       0x70 src/adc.o
                                         0x71 (size before relaxing)
 .comment       0x0000000000000000       0x71 src/main.o
 .comment       0x0000000000000000       0x71 src/peak.o
 .comment       0x0000000000000000       0x71 src/stm32f3xx_hal_msp.o
 .comment       0x0000000000000000       0x71 src/stm32f3xx_it.o
 .comment       0x0000000000000000       0x71 src/system_stm32f3xx.o
 .comment       0x0000000000000000       0x71 src/uart.o
 .comment       0x0000000000000000       0x71 drivers/HAL/src/stm32f3xx_hal.o
 .comment       0x0000000000000000       0x71 drivers/HAL/src/stm32f3xx_hal_adc.o
 .comment       0x0000000000000000       0x71 drivers/HAL/src/stm32f3xx_hal_adc_ex.o
 .comment       0x0000000000000000       0x71 drivers/HAL/src/stm32f3xx_hal_cortex.o
 .comment       0x0000000000000000       0x71 drivers/HAL/src/stm32f3xx_hal_dma.o
 .comment       0x0000000000000000       0x71 drivers/HAL/src/stm32f3xx_hal_gpio.o
 .comment       0x0000000000000000       0x71 drivers/HAL/src/stm32f3xx_hal_rcc.o
 .comment       0x0000000000000000       0x71 drivers/HAL/src/stm32f3xx_hal_rcc_ex.o
 .comment       0x0000000000000000       0x71 drivers/HAL/src/stm32f3xx_hal_uart.o
 .comment       0x0000000000000000       0x71 drivers/stm32f3xx_nucleo.o
